Archive member included to satisfy reference by file (symbol)

c:/systemworkbench/plugins/fr.ac6.mcu.externaltools.arm-none.win32_1.17.0.201812190825/tools/compiler/bin/../lib/gcc/arm-none-eabi/7.3.1/thumb/v7e-m/fpv5/hard\libgcc.a(_aeabi_ldivmod.o)
                              Drivers/STM32F7xx_HAL_Driver/Src/stm32f7xx_hal_rcc.o (__aeabi_ldivmod)
c:/systemworkbench/plugins/fr.ac6.mcu.externaltools.arm-none.win32_1.17.0.201812190825/tools/compiler/bin/../lib/gcc/arm-none-eabi/7.3.1/thumb/v7e-m/fpv5/hard\libgcc.a(_aeabi_uldivmod.o)
                              Drivers/STM32F7xx_HAL_Driver/Src/stm32f7xx_hal_rcc.o (__aeabi_uldivmod)
c:/systemworkbench/plugins/fr.ac6.mcu.externaltools.arm-none.win32_1.17.0.201812190825/tools/compiler/bin/../lib/gcc/arm-none-eabi/7.3.1/thumb/v7e-m/fpv5/hard\libgcc.a(_udivmoddi4.o)
                              c:/systemworkbench/plugins/fr.ac6.mcu.externaltools.arm-none.win32_1.17.0.201812190825/tools/compiler/bin/../lib/gcc/arm-none-eabi/7.3.1/thumb/v7e-m/fpv5/hard\libgcc.a(_aeabi_ldivmod.o) (__udivmoddi4)
c:/systemworkbench/plugins/fr.ac6.mcu.externaltools.arm-none.win32_1.17.0.201812190825/tools/compiler/bin/../lib/gcc/arm-none-eabi/7.3.1/thumb/v7e-m/fpv5/hard\libgcc.a(_dvmd_tls.o)
                              c:/systemworkbench/plugins/fr.ac6.mcu.externaltools.arm-none.win32_1.17.0.201812190825/tools/compiler/bin/../lib/gcc/arm-none-eabi/7.3.1/thumb/v7e-m/fpv5/hard\libgcc.a(_aeabi_ldivmod.o) (__aeabi_ldiv0)
c:/systemworkbench/plugins/fr.ac6.mcu.externaltools.arm-none.win32_1.17.0.201812190825/tools/compiler/bin/../lib/gcc/arm-none-eabi/7.3.1/../../../../arm-none-eabi/lib/thumb/v7e-m/fpv5/hard\libc_nano.a(lib_a-exit.o)
                              c:/systemworkbench/plugins/fr.ac6.mcu.externaltools.arm-none.win32_1.17.0.201812190825/tools/compiler/bin/../lib/gcc/arm-none-eabi/7.3.1/../../../../arm-none-eabi/lib/thumb/v7e-m/fpv5/hard/crt0.o (exit)
c:/systemworkbench/plugins/fr.ac6.mcu.externaltools.arm-none.win32_1.17.0.201812190825/tools/compiler/bin/../lib/gcc/arm-none-eabi/7.3.1/../../../../arm-none-eabi/lib/thumb/v7e-m/fpv5/hard\libc_nano.a(lib_a-impure.o)
                              c:/systemworkbench/plugins/fr.ac6.mcu.externaltools.arm-none.win32_1.17.0.201812190825/tools/compiler/bin/../lib/gcc/arm-none-eabi/7.3.1/../../../../arm-none-eabi/lib/thumb/v7e-m/fpv5/hard\libc_nano.a(lib_a-exit.o) (_global_impure_ptr)
c:/systemworkbench/plugins/fr.ac6.mcu.externaltools.arm-none.win32_1.17.0.201812190825/tools/compiler/bin/../lib/gcc/arm-none-eabi/7.3.1/../../../../arm-none-eabi/lib/thumb/v7e-m/fpv5/hard\libc_nano.a(lib_a-init.o)
                              c:/systemworkbench/plugins/fr.ac6.mcu.externaltools.arm-none.win32_1.17.0.201812190825/tools/compiler/bin/../lib/gcc/arm-none-eabi/7.3.1/../../../../arm-none-eabi/lib/thumb/v7e-m/fpv5/hard/crt0.o (__libc_init_array)
c:/systemworkbench/plugins/fr.ac6.mcu.externaltools.arm-none.win32_1.17.0.201812190825/tools/compiler/bin/../lib/gcc/arm-none-eabi/7.3.1/../../../../arm-none-eabi/lib/thumb/v7e-m/fpv5/hard\libc_nano.a(lib_a-memcpy-stub.o)
                              Src/main.o (memcpy)
c:/systemworkbench/plugins/fr.ac6.mcu.externaltools.arm-none.win32_1.17.0.201812190825/tools/compiler/bin/../lib/gcc/arm-none-eabi/7.3.1/../../../../arm-none-eabi/lib/thumb/v7e-m/fpv5/hard\libc_nano.a(lib_a-memmove.o)
                              Src/main.o (memmove)
c:/systemworkbench/plugins/fr.ac6.mcu.externaltools.arm-none.win32_1.17.0.201812190825/tools/compiler/bin/../lib/gcc/arm-none-eabi/7.3.1/../../../../arm-none-eabi/lib/thumb/v7e-m/fpv5/hard\libc_nano.a(lib_a-memset.o)
                              c:/systemworkbench/plugins/fr.ac6.mcu.externaltools.arm-none.win32_1.17.0.201812190825/tools/compiler/bin/../lib/gcc/arm-none-eabi/7.3.1/../../../../arm-none-eabi/lib/thumb/v7e-m/fpv5/hard/crt0.o (memset)
c:/systemworkbench/plugins/fr.ac6.mcu.externaltools.arm-none.win32_1.17.0.201812190825/tools/compiler/bin/../lib/gcc/arm-none-eabi/7.3.1/../../../../arm-none-eabi/lib/thumb/v7e-m/fpv5/hard\libc_nano.a(lib_a-sprintf.o)
                              Src/main.o (sprintf)
c:/systemworkbench/plugins/fr.ac6.mcu.externaltools.arm-none.win32_1.17.0.201812190825/tools/compiler/bin/../lib/gcc/arm-none-eabi/7.3.1/../../../../arm-none-eabi/lib/thumb/v7e-m/fpv5/hard\libc_nano.a(lib_a-strlen.o)
                              Src/main.o (strlen)
c:/systemworkbench/plugins/fr.ac6.mcu.externaltools.arm-none.win32_1.17.0.201812190825/tools/compiler/bin/../lib/gcc/arm-none-eabi/7.3.1/../../../../arm-none-eabi/lib/thumb/v7e-m/fpv5/hard\libc_nano.a(lib_a-nano-svfprintf.o)
                              c:/systemworkbench/plugins/fr.ac6.mcu.externaltools.arm-none.win32_1.17.0.201812190825/tools/compiler/bin/../lib/gcc/arm-none-eabi/7.3.1/../../../../arm-none-eabi/lib/thumb/v7e-m/fpv5/hard\libc_nano.a(lib_a-sprintf.o) (_svfprintf_r)
[...]
Memory Configuration

Name             Origin             Length             Attributes
RAM              0x20000000         0x00080000         xrw
FLASH            0x08000000         0x00200000         xr
*default*        0x00000000         0xffffffff

Linker script and memory map

LOAD c:/systemworkbench/plugins/fr.ac6.mcu.externaltools.arm-none.win32_1.17.0.201812190825/tools/compiler/bin/../lib/gcc/arm-none-eabi/7.3.1/thumb/v7e-m/fpv5/hard/crti.o
LOAD c:/systemworkbench/plugins/fr.ac6.mcu.externaltools.arm-none.win32_1.17.0.201812190825/tools/compiler/bin/../lib/gcc/arm-none-eabi/7.3.1/thumb/v7e-m/fpv5/hard/crtbegin.o
LOAD c:/systemworkbench/plugins/fr.ac6.mcu.externaltools.arm-none.win32_1.17.0.201812190825/tools/compiler/bin/../lib/gcc/arm-none-eabi/7.3.1/../../../../arm-none-eabi/lib/thumb/v7e-m/fpv5/hard/crt0.o
LOAD Drivers/STM32F7xx_HAL_Driver/Src/stm32f7xx_hal.o
LOAD Drivers/STM32F7xx_HAL_Driver/Src/stm32f7xx_hal_adc.o
LOAD Drivers/STM32F7xx_HAL_Driver/Src/stm32f7xx_hal_adc_ex.o
LOAD Drivers/STM32F7xx_HAL_Driver/Src/stm32f7xx_hal_cortex.o
LOAD Drivers/STM32F7xx_HAL_Driver/Src/stm32f7xx_hal_dac.o
LOAD Drivers/STM32F7xx_HAL_Driver/Src/stm32f7xx_hal_dac_ex.o
LOAD Drivers/STM32F7xx_HAL_Driver/Src/stm32f7xx_hal_dma.o
LOAD Drivers/STM32F7xx_HAL_Driver/Src/stm32f7xx_hal_dma_ex.o
LOAD Drivers/STM32F7xx_HAL_Driver/Src/stm32f7xx_hal_flash.o
LOAD Drivers/STM32F7xx_HAL_Driver/Src/stm32f7xx_hal_flash_ex.o
LOAD Drivers/STM32F7xx_HAL_Driver/Src/stm32f7xx_hal_gpio.o
LOAD Drivers/STM32F7xx_HAL_Driver/Src/stm32f7xx_hal_i2c.o
LOAD Drivers/STM32F7xx_HAL_Driver/Src/stm32f7xx_hal_i2c_ex.o
LOAD Drivers/STM32F7xx_HAL_Driver/Src/stm32f7xx_hal_pwr.o
LOAD Drivers/STM32F7xx_HAL_Driver/Src/stm32f7xx_hal_pwr_ex.o
LOAD Drivers/STM32F7xx_HAL_Driver/Src/stm32f7xx_hal_rcc.o
LOAD Drivers/STM32F7xx_HAL_Driver/Src/stm32f7xx_hal_rcc_ex.o
LOAD Drivers/STM32F7xx_HAL_Driver/Src/stm32f7xx_hal_spi.o
LOAD Drivers/STM32F7xx_HAL_Driver/Src/stm32f7xx_hal_tim.o
LOAD Drivers/STM32F7xx_HAL_Driver/Src/stm32f7xx_hal_tim_ex.o
LOAD Drivers/STM32F7xx_HAL_Driver/Src/stm32f7xx_hal_uart.o
LOAD Src/main.o
LOAD Src/stm32f7xx_hal_msp.o
LOAD Src/stm32f7xx_it.o
LOAD Src/system_stm32f7xx.o
LOAD startup/startup_stm32f777xx.o
LOAD c:/systemworkbench/plugins/fr.ac6.mcu.externaltools.arm-none.win32_1.17.0.201812190825/tools/compiler/bin/../lib/gcc/arm-none-eabi/7.3.1/../../../../arm-none-eabi/lib/thumb/v7e-m/fpv5/hard\libm.a
START GROUP
LOAD c:/systemworkbench/plugins/fr.ac6.mcu.externaltools.arm-none.win32_1.17.0.201812190825/tools/compiler/bin/../lib/gcc/arm-none-eabi/7.3.1/thumb/v7e-m/fpv5/hard\libgcc.a
LOAD c:/systemworkbench/plugins/fr.ac6.mcu.externaltools.arm-none.win32_1.17.0.201812190825/tools/compiler/bin/../lib/gcc/arm-none-eabi/7.3.1/../../../../arm-none-eabi/lib/thumb/v7e-m/fpv5/hard\libc_nano.a
END GROUP
START GROUP
LOAD c:/systemworkbench/plugins/fr.ac6.mcu.externaltools.arm-none.win32_1.17.0.201812190825/tools/compiler/bin/../lib/gcc/arm-none-eabi/7.3.1/thumb/v7e-m/fpv5/hard\libgcc.a
LOAD c:/systemworkbench/plugins/fr.ac6.mcu.externaltools.arm-none.win32_1.17.0.201812190825/tools/compiler/bin/../lib/gcc/arm-none-eabi/7.3.1/../../../../arm-none-eabi/lib/thumb/v7e-m/fpv5/hard\libc_nano.a
LOAD c:/systemworkbench/plugins/fr.ac6.mcu.externaltools.arm-none.win32_1.17.0.201812190825/tools/compiler/bin/../lib/gcc/arm-none-eabi/7.3.1/../../../../arm-none-eabi/lib/thumb/v7e-m/fpv5/hard\libnosys.a
END GROUP
START GROUP
LOAD c:/systemworkbench/plugins/fr.ac6.mcu.externaltools.arm-none.win32_1.17.0.201812190825/tools/compiler/bin/../lib/gcc/arm-none-eabi/7.3.1/thumb/v7e-m/fpv5/hard\libgcc.a
LOAD c:/systemworkbench/plugins/fr.ac6.mcu.externaltools.arm-none.win32_1.17.0.201812190825/tools/compiler/bin/../lib/gcc/arm-none-eabi/7.3.1/../../../../arm-none-eabi/lib/thumb/v7e-m/fpv5/hard\libc_nano.a
LOAD c:/systemworkbench/plugins/fr.ac6.mcu.externaltools.arm-none.win32_1.17.0.201812190825/tools/compiler/bin/../lib/gcc/arm-none-eabi/7.3.1/../../../../arm-none-eabi/lib/thumb/v7e-m/fpv5/hard\libnosys.a
END GROUP
LOAD c:/systemworkbench/plugins/fr.ac6.mcu.externaltools.arm-none.win32_1.17.0.201812190825/tools/compiler/bin/../lib/gcc/arm-none-eabi/7.3.1/thumb/v7e-m/fpv5/hard/crtend.o
LOAD c:/systemworkbench/plugins/fr.ac6.mcu.externaltools.arm-none.win32_1.17.0.201812190825/tools/compiler/bin/../lib/gcc/arm-none-eabi/7.3.1/thumb/v7e-m/fpv5/hard/crtn.o
                0x20080000                _estack = 0x20080000
                0x00000200                _Min_Heap_Size = 0x200
                0x00000400                _Min_Stack_Size = 0x400

.isr_vector     0x08000000      0x1f8
                0x08000000                . = ALIGN (0x4)
 *(.isr_vector)
 .isr_vector    0x08000000      0x1f8 startup/startup_stm32f777xx.o
                0x08000000                g_pfnVectors
                0x080001f8                . = ALIGN (0x4)

.text           0x08000200     0x4970
                0x08000200                . = ALIGN (0x4)
 *(.text)
 .text          0x08000200       0x40 c:/systemworkbench/plugins/fr.ac6.mcu.externaltools.arm-none.win32_1.17.0.201812190825/tools/compiler/bin/../lib/gcc/arm-none-eabi/7.3.1/thumb/v7e-m/fpv5/hard/crtbegin.o
 .text          0x08000240       0x30 c:/systemworkbench/plugins/fr.ac6.mcu.externaltools.arm-none.win32_1.17.0.201812190825/tools/compiler/bin/../lib/gcc/arm-none-eabi/7.3.1/thumb/v7e-m/fpv5/hard\libgcc.a(_aeabi_uldivmod.o)
                0x08000240                __aeabi_uldivmod
 .text          0x08000270      0x2cc c:/systemworkbench/plugins/fr.ac6.mcu.externaltools.arm-none.win32_1.17.0.201812190825/tools/compiler/bin/../lib/gcc/arm-none-eabi/7.3.1/thumb/v7e-m/fpv5/hard\libgcc.a(_udivmoddi4.o)
                0x08000270                __udivmoddi4
 .text          0x0800053c        0x4 c:/systemworkbench/plugins/fr.ac6.mcu.externaltools.arm-none.win32_1.17.0.201812190825/tools/compiler/bin/../lib/gcc/arm-none-eabi/7.3.1/thumb/v7e-m/fpv5/hard\libgcc.a(_dvmd_tls.o)
                0x0800053c                __aeabi_idiv0
                0x0800053c                __aeabi_ldiv0
 .text          0x08000540       0x10 c:/systemworkbench/plugins/fr.ac6.mcu.externaltools.arm-none.win32_1.17.0.201812190825/tools/compiler/bin/../lib/gcc/arm-none-eabi/7.3.1/../../../../arm-none-eabi/lib/thumb/v7e-m/fpv5/hard\libc_nano.a(lib_a-strlen.o)
                0x08000540                strlen
 .text          0x08000550       0xa0 c:/systemworkbench/plugins/fr.ac6.mcu.externaltools.arm-none.win32_1.17.0.201812190825/tools/compiler/bin/../lib/gcc/arm-none-eabi/7.3.1/../../../../arm-none-eabi/lib/thumb/v7e-m/fpv5/hard\libc_nano.a(lib_a-memchr.o)
                0x08000550                memchr
 *(.text*)
 .text.HAL_InitTick
                0x080005f0       0x40 Drivers/STM32F7xx_HAL_Driver/Src/stm32f7xx_hal.o
                0x080005f0                HAL_InitTick
 .text.HAL_Init
                0x08000630       0x18 Drivers/STM32F7xx_HAL_Driver/Src/stm32f7xx_hal.o
                0x08000630                HAL_Init
 .text.HAL_IncTick
                0x08000648       0x18 Drivers/STM32F7xx_HAL_Driver/Src/stm32f7xx_hal.o
                0x08000648                HAL_IncTick
 .text.HAL_GetTick
                0x08000660        0xc Drivers/STM32F7xx_HAL_Driver/Src/stm32f7xx_hal.o
                0x08000660                HAL_GetTick
 .text.HAL_Delay
                0x0800066c       0x24 Drivers/STM32F7xx_HAL_Driver/Src/stm32f7xx_hal.o
                0x0800066c                HAL_Delay
 .text.HAL_ADC_Init
                0x08000690      0x168 Drivers/STM32F7xx_HAL_Driver/Src/stm32f7xx_hal_adc.o
                0x08000690                HAL_ADC_Init
 .text.HAL_ADC_ConfigChannel
                0x080007f8      0x168 Drivers/STM32F7xx_HAL_Driver/Src/stm32f7xx_hal_adc.o
                0x080007f8                HAL_ADC_ConfigChannel
 .text.HAL_NVIC_SetPriorityGrouping
                0x08000960       0x28 Drivers/STM32F7xx_HAL_Driver/Src/stm32f7xx_hal_cortex.o
                0x08000960                HAL_NVIC_SetPriorityGrouping
 .text.HAL_NVIC_SetPriority
                0x08000988       0x6c Drivers/STM32F7xx_HAL_Driver/Src/stm32f7xx_hal_cortex.o
                0x08000988                HAL_NVIC_SetPriority
 .text.HAL_NVIC_EnableIRQ
                0x080009f4       0x18 Drivers/STM32F7xx_HAL_Driver/Src/stm32f7xx_hal_cortex.o
                0x080009f4                HAL_NVIC_EnableIRQ
 .text.HAL_SYSTICK_Config
                0x08000a0c       0x30 Drivers/STM32F7xx_HAL_Driver/Src/stm32f7xx_hal_cortex.o
                0x08000a0c                HAL_SYSTICK_Config
 .text.HAL_SYSTICK_CLKSourceConfig
                0x08000a3c       0x18 Drivers/STM32F7xx_HAL_Driver/Src/stm32f7xx_hal_cortex.o
                0x08000a3c                HAL_SYSTICK_CLKSourceConfig
 .text.HAL_SYSTICK_Callback
                0x08000a54        0x4 Drivers/STM32F7xx_HAL_Driver/Src/stm32f7xx_hal_cortex.o
                0x08000a54                HAL_SYSTICK_Callback
 .text.HAL_SYSTICK_IRQHandler
                0x08000a58        0x8 Drivers/STM32F7xx_HAL_Driver/Src/stm32f7xx_hal_cortex.o
                0x08000a58                HAL_SYSTICK_IRQHandler
 .text.HAL_DAC_Init
                0x08000a60       0x2c Drivers/STM32F7xx_HAL_Driver/Src/stm32f7xx_hal_dac.o
                0x08000a60                HAL_DAC_Init
 .text.HAL_DAC_ConfigChannel
                0x08000a8c       0x48 Drivers/STM32F7xx_HAL_Driver/Src/stm32f7xx_hal_dac.o
                0x08000a8c                HAL_DAC_ConfigChannel
 .text.HAL_GPIO_Init
                0x08000ad4      0x23c Drivers/STM32F7xx_HAL_Driver/Src/stm32f7xx_hal_gpio.o
                0x08000ad4                HAL_GPIO_Init
 .text.HAL_GPIO_ReadPin
                0x08000d10        0xc Drivers/STM32F7xx_HAL_Driver/Src/stm32f7xx_hal_gpio.o
                0x08000d10                HAL_GPIO_ReadPin
 .text.HAL_GPIO_WritePin
                0x08000d1c        0x8 Drivers/STM32F7xx_HAL_Driver/Src/stm32f7xx_hal_gpio.o
                0x08000d1c                HAL_GPIO_WritePin
 .text.HAL_GPIO_TogglePin
                0x08000d24        0x8 Drivers/STM32F7xx_HAL_Driver/Src/stm32f7xx_hal_gpio.o
                0x08000d24                HAL_GPIO_TogglePin
 .text.HAL_GPIO_EXTI_IRQHandler
                0x08000d2c       0x18 Drivers/STM32F7xx_HAL_Driver/Src/stm32f7xx_hal_gpio.o
                0x08000d2c                HAL_GPIO_EXTI_IRQHandler
 .text.HAL_PWREx_EnableOverDrive
                0x08000d44       0x78 Drivers/STM32F7xx_HAL_Driver/Src/stm32f7xx_hal_pwr_ex.o
                0x08000d44                HAL_PWREx_EnableOverDrive
 .text.HAL_RCC_GetSysClockFreq.part.0
                0x08000dbc       0x40 Drivers/STM32F7xx_HAL_Driver/Src/stm32f7xx_hal_rcc.o
 .text.HAL_RCC_OscConfig
                0x08000dfc      0x39c Drivers/STM32F7xx_HAL_Driver/Src/stm32f7xx_hal_rcc.o
                0x08000dfc                HAL_RCC_OscConfig
 .text.HAL_RCC_ClockConfig
                0x08001198      0x150 Drivers/STM32F7xx_HAL_Driver/Src/stm32f7xx_hal_rcc.o
                0x08001198                HAL_RCC_ClockConfig
 .text.HAL_RCC_GetSysClockFreq
                0x080012e8       0x1c Drivers/STM32F7xx_HAL_Driver/Src/stm32f7xx_hal_rcc.o
                0x080012e8                HAL_RCC_GetSysClockFreq
 .text.HAL_RCC_GetHCLKFreq
                0x08001304        0xc Drivers/STM32F7xx_HAL_Driver/Src/stm32f7xx_hal_rcc.o
                0x08001304                HAL_RCC_GetHCLKFreq
 .text.HAL_RCC_GetPCLK1Freq
                0x08001310       0x20 Drivers/STM32F7xx_HAL_Driver/Src/stm32f7xx_hal_rcc.o
                0x08001310                HAL_RCC_GetPCLK1Freq
 .text.HAL_RCC_GetPCLK2Freq
                0x08001330       0x20 Drivers/STM32F7xx_HAL_Driver/Src/stm32f7xx_hal_rcc.o
                0x08001330                HAL_RCC_GetPCLK2Freq
 .text.HAL_RCCEx_PeriphCLKConfig
                0x08001350      0x588 Drivers/STM32F7xx_HAL_Driver/Src/stm32f7xx_hal_rcc_ex.o
                0x08001350                HAL_RCCEx_PeriphCLKConfig
 .text.SPI_WaitFlagStateUntilTimeout.part.0
                0x080018d8       0x58 Drivers/STM32F7xx_HAL_Driver/Src/stm32f7xx_hal_spi.o
 .text.SPI_WaitFlagStateUntilTimeout.constprop.9
                0x08001930       0x30 Drivers/STM32F7xx_HAL_Driver/Src/stm32f7xx_hal_spi.o
 .text.SPI_WaitFifoStateUntilTimeout.constprop.10
                0x08001960       0x50 Drivers/STM32F7xx_HAL_Driver/Src/stm32f7xx_hal_spi.o
 .text.SPI_EndRxTransaction
                0x080019b0       0x74 Drivers/STM32F7xx_HAL_Driver/Src/stm32f7xx_hal_spi.o
 .text.SPI_EndRxTxTransaction
                0x08001a24       0x40 Drivers/STM32F7xx_HAL_Driver/Src/stm32f7xx_hal_spi.o
 .text.HAL_SPI_TransmitReceive.part.4
                0x08001a64      0x264 Drivers/STM32F7xx_HAL_Driver/Src/stm32f7xx_hal_spi.o
 .text.HAL_SPI_Init
                0x08001cc8       0xc4 Drivers/STM32F7xx_HAL_Driver/Src/stm32f7xx_hal_spi.o
                0x08001cc8                HAL_SPI_Init
 .text.HAL_SPI_Transmit
                0x08001d8c      0x15c Drivers/STM32F7xx_HAL_Driver/Src/stm32f7xx_hal_spi.o
                0x08001d8c                HAL_SPI_Transmit
 .text.HAL_SPI_Receive
                0x08001ee8      0x170 Drivers/STM32F7xx_HAL_Driver/Src/stm32f7xx_hal_spi.o
                0x08001ee8                HAL_SPI_Receive
 .text.HAL_TIM_OC_Start
                0x08002058       0x48 Drivers/STM32F7xx_HAL_Driver/Src/stm32f7xx_hal_tim.o
                0x08002058                HAL_TIM_OC_Start
 .text.HAL_TIM_PWM_MspInit
                0x080020a0        0x4 Drivers/STM32F7xx_HAL_Driver/Src/stm32f7xx_hal_tim.o
                0x080020a0                HAL_TIM_PWM_MspInit
 .text.HAL_TIM_PWM_Start
                0x080020a4        0x4 Drivers/STM32F7xx_HAL_Driver/Src/stm32f7xx_hal_tim.o
                0x080020a4                HAL_TIM_PWM_Start
 .text.HAL_TIM_ConfigClockSource
                0x080020a8      0x194 Drivers/STM32F7xx_HAL_Driver/Src/stm32f7xx_hal_tim.o
                0x080020a8                HAL_TIM_ConfigClockSource
 .text.TIM_Base_SetConfig
                0x0800223c       0xe0 Drivers/STM32F7xx_HAL_Driver/Src/stm32f7xx_hal_tim.o
                0x0800223c                TIM_Base_SetConfig
 .text.HAL_TIM_Base_Init
                0x0800231c       0x38 Drivers/STM32F7xx_HAL_Driver/Src/stm32f7xx_hal_tim.o
                0x0800231c                HAL_TIM_Base_Init
 .text.HAL_TIM_PWM_Init
                0x08002354       0x38 Drivers/STM32F7xx_HAL_Driver/Src/stm32f7xx_hal_tim.o
                0x08002354                HAL_TIM_PWM_Init
 .text.HAL_TIM_Encoder_Init
                0x0800238c       0xac Drivers/STM32F7xx_HAL_Driver/Src/stm32f7xx_hal_tim.o
                0x0800238c                HAL_TIM_Encoder_Init
 .text.TIM_OC1_SetConfig
                0x08002438       0x60 Drivers/STM32F7xx_HAL_Driver/Src/stm32f7xx_hal_tim.o
                0x08002438                TIM_OC1_SetConfig
 .text.TIM_OC2_SetConfig
                0x08002498       0x68 Drivers/STM32F7xx_HAL_Driver/Src/stm32f7xx_hal_tim.o
                0x08002498                TIM_OC2_SetConfig
 .text.TIM_OC3_SetConfig
                0x08002500       0x68 Drivers/STM32F7xx_HAL_Driver/Src/stm32f7xx_hal_tim.o
                0x08002500                TIM_OC3_SetConfig
 .text.TIM_OC4_SetConfig
                0x08002568       0x54 Drivers/STM32F7xx_HAL_Driver/Src/stm32f7xx_hal_tim.o
                0x08002568                TIM_OC4_SetConfig
 .text.TIM_OC5_SetConfig
                0x080025bc       0x54 Drivers/STM32F7xx_HAL_Driver/Src/stm32f7xx_hal_tim_ex.o
 .text.TIM_OC6_SetConfig
                0x08002610       0x54 Drivers/STM32F7xx_HAL_Driver/Src/stm32f7xx_hal_tim_ex.o
 .text.HAL_TIMEx_MasterConfigSynchronization
                0x08002664       0x58 Drivers/STM32F7xx_HAL_Driver/Src/stm32f7xx_hal_tim_ex.o
                0x08002664                HAL_TIMEx_MasterConfigSynchronization
 .text.HAL_TIM_PWM_ConfigChannel
                0x080026bc      0x12c Drivers/STM32F7xx_HAL_Driver/Src/stm32f7xx_hal_tim_ex.o
                0x080026bc                HAL_TIM_PWM_ConfigChannel
 .text.UART_WaitOnFlagUntilTimeout
                0x080027e8       0x64 Drivers/STM32F7xx_HAL_Driver/Src/stm32f7xx_hal_uart.o
                0x080027e8                UART_WaitOnFlagUntilTimeout
 .text.UART_SetConfig
                0x0800284c      0x2c4 Drivers/STM32F7xx_HAL_Driver/Src/stm32f7xx_hal_uart.o
                0x0800284c                UART_SetConfig
 .text.UART_AdvFeatureConfig
                0x08002b10       0xb0 Drivers/STM32F7xx_HAL_Driver/Src/stm32f7xx_hal_uart.o
                0x08002b10                UART_AdvFeatureConfig
 .text.UART_CheckIdleState
                0x08002bc0       0x4c Drivers/STM32F7xx_HAL_Driver/Src/stm32f7xx_hal_uart.o
                0x08002bc0                UART_CheckIdleState
 .text.HAL_UART_Init
                0x08002c0c       0x6c Drivers/STM32F7xx_HAL_Driver/Src/stm32f7xx_hal_uart.o
                0x08002c0c                HAL_UART_Init
 .text.RX_WaitForCTS
                0x08002c78       0x58 Src/main.o
                0x08002c78                RX_WaitForCTS
 .text.RX_Send  0x08002cd0       0x38 Src/main.o
                0x08002cd0                RX_Send
 .text.RX_GetResponse
                0x08002d08       0x7c Src/main.o
                0x08002d08                RX_GetResponse
 .text.RX_ReadRxDataBuff
                0x08002d84       0x50 Src/main.o
                0x08002d84                RX_ReadRxDataBuff
 .text.TX_WaitForCTS
                0x08002dd4       0x5c Src/main.o
                0x08002dd4                TX_WaitForCTS
 .text.TX_Send  0x08002e30       0x3c Src/main.o
                0x08002e30                TX_Send
 .text.TX_SetProp
                0x08002e6c       0x3c Src/main.o
 .text.TX_GetResponse
                0x08002ea8       0x80 Src/main.o
                0x08002ea8                TX_GetResponse
 .text.TX_WriteTxDataBuff
                0x08002f28       0x54 Src/main.o
                0x08002f28                TX_WriteTxDataBuff
 .text.RX_Reset
                0x08002f7c       0x2c Src/main.o
                0x08002f7c                RX_Reset
 .text.RX_Sleep
                0x08002fa8       0x48 Src/main.o
                0x08002fa8                RX_Sleep
 .text.RX_StartRx
                0x08002ff0       0x4c Src/main.o
                0x08002ff0                RX_StartRx
 .text.RX_FreqSet
                0x0800303c       0x94 Src/main.o
                0x0800303c                RX_FreqSet
 .text.RX_GetInfo
                0x080030d0       0x24 Src/main.o
                0x080030d0                RX_GetInfo
 .text.TX_Reset
                0x080030f4       0x30 Src/main.o
                0x080030f4                TX_Reset
 .text.TX_Sleep
                0x08003124       0x48 Src/main.o
                0x08003124                TX_Sleep
 .text.TX_StartTx
                0x0800316c       0x38 Src/main.o
                0x0800316c                TX_StartTx
 .text.TX_TxData
                0x080031a4       0x48 Src/main.o
                0x080031a4                TX_TxData
 .text.TX_FreqSet
                0x080031ec       0x80 Src/main.o
                0x080031ec                TX_FreqSet
 .text.TX_GetInfo
                0x0800326c       0x24 Src/main.o
                0x0800326c                TX_GetInfo
 .text.LCD_Init
                0x08003290       0x58 Src/main.o
                0x08003290                LCD_Init
 .text.LCD_SetX
                0x080032e8       0x68 Src/main.o
                0x080032e8                LCD_SetX
 .text.LCD_SetY
                0x08003350       0x68 Src/main.o
                0x08003350                LCD_SetY
 .text.LCD_SetZ
                0x080033b8       0x68 Src/main.o
                0x080033b8                LCD_SetZ
 .text.LCD_WriteData
                0x08003420       0x64 Src/main.o
                0x08003420                LCD_WriteData
 .text.LCD_Disp
                0x08003484       0x6c Src/main.o
                0x08003484                LCD_Disp
 .text.LCD_Clear
                0x080034f0       0x60 Src/main.o
                0x080034f0                LCD_Clear
 .text.LCD_PutStrFast
                0x08003550      0x1a4 Src/main.o
                0x08003550                LCD_PutStrFast
 .text.HAL_GPIO_EXTI_Callback
                0x080036f4       0xfc Src/main.o
                0x080036f4                HAL_GPIO_EXTI_Callback
 .text.SystemClock_Config
                0x080037f0       0xc4 Src/main.o
                0x080037f0                SystemClock_Config
 .text.startup.main
                0x080038b4      0x678 Src/main.o
                0x080038b4                main
 .text.HAL_MspInit
                0x08003f2c       0x90 Src/stm32f7xx_hal_msp.o
                0x08003f2c                HAL_MspInit
 .text.HAL_ADC_MspInit
                0x08003fbc       0x44 Src/stm32f7xx_hal_msp.o
                0x08003fbc                HAL_ADC_MspInit
 .text.HAL_DAC_MspInit
                0x08004000       0x44 Src/stm32f7xx_hal_msp.o
                0x08004000                HAL_DAC_MspInit
 .text.HAL_SPI_MspInit
                0x08004044       0x94 Src/stm32f7xx_hal_msp.o
                0x08004044                HAL_SPI_MspInit
 .text.HAL_TIM_Encoder_MspInit
                0x080040d8       0x44 Src/stm32f7xx_hal_msp.o
                0x080040d8                HAL_TIM_Encoder_MspInit
 .text.HAL_TIM_Base_MspInit
                0x0800411c       0x2c Src/stm32f7xx_hal_msp.o
                0x0800411c                HAL_TIM_Base_MspInit
 .text.HAL_TIM_MspPostInit
                0x08004148       0x34 Src/stm32f7xx_hal_msp.o
                0x08004148                HAL_TIM_MspPostInit
 .text.HAL_UART_MspInit
                0x0800417c       0x50 Src/stm32f7xx_hal_msp.o
                0x0800417c                HAL_UART_MspInit
 .text.NMI_Handler
                0x080041cc        0x4 Src/stm32f7xx_it.o
                0x080041cc                NMI_Handler
 .text.HardFault_Handler
                0x080041d0        0x4 Src/stm32f7xx_it.o
                0x080041d0                HardFault_Handler
 .text.MemManage_Handler
                0x080041d4        0x4 Src/stm32f7xx_it.o
                0x080041d4                MemManage_Handler
 .text.BusFault_Handler
                0x080041d8        0x4 Src/stm32f7xx_it.o
                0x080041d8                BusFault_Handler
 .text.UsageFault_Handler
                0x080041dc        0x4 Src/stm32f7xx_it.o
                0x080041dc                UsageFault_Handler
 .text.SVC_Handler
                0x080041e0        0x4 Src/stm32f7xx_it.o
                0x080041e0                SVC_Handler
 .text.DebugMon_Handler
                0x080041e4        0x4 Src/stm32f7xx_it.o
                0x080041e4                DebugMon_Handler
 .text.PendSV_Handler
                0x080041e8        0x4 Src/stm32f7xx_it.o
                0x080041e8                PendSV_Handler
 .text.SysTick_Handler
                0x080041ec       0x10 Src/stm32f7xx_it.o
                0x080041ec                SysTick_Handler
 .text.EXTI0_IRQHandler
                0x080041fc        0x8 Src/stm32f7xx_it.o
                0x080041fc                EXTI0_IRQHandler
 .text.EXTI1_IRQHandler
                0x08004204        0x8 Src/stm32f7xx_it.o
                0x08004204                EXTI1_IRQHandler
 .text.EXTI2_IRQHandler
                0x0800420c        0x8 Src/stm32f7xx_it.o
                0x0800420c                EXTI2_IRQHandler
 .text.EXTI3_IRQHandler
                0x08004214        0x8 Src/stm32f7xx_it.o
                0x08004214                EXTI3_IRQHandler
 .text.EXTI4_IRQHandler
                0x0800421c        0x8 Src/stm32f7xx_it.o
                0x0800421c                EXTI4_IRQHandler
 .text.EXTI9_5_IRQHandler
                0x08004224       0x20 Src/stm32f7xx_it.o
                0x08004224                EXTI9_5_IRQHandler
 .text.SystemInit
                0x08004244       0x50 Src/system_stm32f7xx.o
                0x08004244                SystemInit
 .text.Reset_Handler
                0x08004294       0x50 startup/startup_stm32f777xx.o
                0x08004294                Reset_Handler
 .text.Default_Handler
                0x080042e4        0x2 startup/startup_stm32f777xx.o
                0x080042e4                RTC_Alarm_IRQHandler
                0x080042e4                HASH_RNG_IRQHandler
                0x080042e4                TIM8_CC_IRQHandler
                0x080042e4                UART8_IRQHandler
                0x080042e4                SPI4_IRQHandler
                0x080042e4                TIM1_CC_IRQHandler
                0x080042e4                DMA2_Stream5_IRQHandler
                0x080042e4                JPEG_IRQHandler
                0x080042e4                DMA1_Stream5_IRQHandler
                0x080042e4                CAN3_RX1_IRQHandler
                0x080042e4                PVD_IRQHandler
                0x080042e4                TAMP_STAMP_IRQHandler
                0x080042e4                CAN2_RX1_IRQHandler
                0x080042e4                TIM8_TRG_COM_TIM14_IRQHandler
                0x080042e4                DFSDM1_FLT1_IRQHandler
                0x080042e4                TIM1_UP_TIM10_IRQHandler
                0x080042e4                TIM8_UP_TIM13_IRQHandler
                0x080042e4                I2C3_ER_IRQHandler
                0x080042e4                DFSDM1_FLT2_IRQHandler
                0x080042e4                I2C2_EV_IRQHandler
                0x080042e4                DMA1_Stream2_IRQHandler
                0x080042e4                CAN1_RX0_IRQHandler
                0x080042e4                FPU_IRQHandler
                0x080042e4                OTG_HS_WKUP_IRQHandler
                0x080042e4                CAN3_SCE_IRQHandler
                0x080042e4                LTDC_ER_IRQHandler
                0x080042e4                CAN2_SCE_IRQHandler
                0x080042e4                DMA2_Stream2_IRQHandler
                0x080042e4                SPI1_IRQHandler
                0x080042e4                TIM6_DAC_IRQHandler
                0x080042e4                TIM1_BRK_TIM9_IRQHandler
                0x080042e4                DCMI_IRQHandler
                0x080042e4                CAN2_RX0_IRQHandler
                0x080042e4                DMA2_Stream3_IRQHandler
                0x080042e4                SAI2_IRQHandler
                0x080042e4                DFSDM1_FLT3_IRQHandler
                0x080042e4                USART6_IRQHandler
                0x080042e4                CAN3_RX0_IRQHandler
                0x080042e4                USART3_IRQHandler
                0x080042e4                CRYP_IRQHandler
                0x080042e4                CAN1_RX1_IRQHandler
                0x080042e4                UART5_IRQHandler
                0x080042e4                DMA2_Stream0_IRQHandler
                0x080042e4                TIM4_IRQHandler
                0x080042e4                QUADSPI_IRQHandler
                0x080042e4                I2C1_EV_IRQHandler
                0x080042e4                DMA1_Stream6_IRQHandler
                0x080042e4                DMA1_Stream1_IRQHandler
                0x080042e4                UART4_IRQHandler
                0x080042e4                TIM3_IRQHandler
                0x080042e4                RCC_IRQHandler
                0x080042e4                TIM8_BRK_TIM12_IRQHandler
                0x080042e4                Default_Handler
                0x080042e4                CEC_IRQHandler
                0x080042e4                EXTI15_10_IRQHandler
                0x080042e4                ADC_IRQHandler
                0x080042e4                DMA1_Stream7_IRQHandler
                0x080042e4                SPI5_IRQHandler
                0x080042e4                TIM7_IRQHandler
                0x080042e4                SDMMC1_IRQHandler
                0x080042e4                CAN2_TX_IRQHandler
                0x080042e4                TIM5_IRQHandler
                0x080042e4                DMA2_Stream7_IRQHandler
                0x080042e4                I2C3_EV_IRQHandler
                0x080042e4                RTC_WKUP_IRQHandler
                0x080042e4                LTDC_IRQHandler
                0x080042e4                ETH_WKUP_IRQHandler
                0x080042e4                SPDIF_RX_IRQHandler
                0x080042e4                SPI2_IRQHandler
                0x080042e4                OTG_HS_EP1_IN_IRQHandler
                0x080042e4                DMA1_Stream0_IRQHandler
                0x080042e4                CAN1_TX_IRQHandler
                0x080042e4                ETH_IRQHandler
                0x080042e4                OTG_HS_EP1_OUT_IRQHandler
                0x080042e4                WWDG_IRQHandler
                0x080042e4                SPI6_IRQHandler
                0x080042e4                MDIOS_IRQHandler
                0x080042e4                I2C4_EV_IRQHandler
                0x080042e4                CAN3_TX_IRQHandler
                0x080042e4                TIM2_IRQHandler
                0x080042e4                OTG_FS_WKUP_IRQHandler
                0x080042e4                TIM1_TRG_COM_TIM11_IRQHandler
                0x080042e4                OTG_HS_IRQHandler
                0x080042e4                DMA2D_IRQHandler
                0x080042e4                SDMMC2_IRQHandler
                0x080042e4                UART7_IRQHandler
                0x080042e4                USART2_IRQHandler
                0x080042e4                DFSDM1_FLT0_IRQHandler
                0x080042e4                I2C2_ER_IRQHandler
                0x080042e4                DMA2_Stream1_IRQHandler
                0x080042e4                CAN1_SCE_IRQHandler
                0x080042e4                FLASH_IRQHandler
                0x080042e4                DMA2_Stream4_IRQHandler
                0x080042e4                USART1_IRQHandler
                0x080042e4                OTG_FS_IRQHandler
                0x080042e4                SPI3_IRQHandler
                0x080042e4                DMA1_Stream4_IRQHandler
                0x080042e4                I2C1_ER_IRQHandler
                0x080042e4                FMC_IRQHandler
                0x080042e4                LPTIM1_IRQHandler
                0x080042e4                I2C4_ER_IRQHandler
                0x080042e4                DMA2_Stream6_IRQHandler
                0x080042e4                SAI1_IRQHandler
                0x080042e4                DMA1_Stream3_IRQHandler
 *fill*         0x080042e6        0x2 
 .text.__libc_init_array
                0x080042e8       0x48 c:/systemworkbench/plugins/fr.ac6.mcu.externaltools.arm-none.win32_1.17.0.201812190825/tools/compiler/bin/../lib/gcc/arm-none-eabi/7.3.1/../../../../arm-none-eabi/lib/thumb/v7e-m/fpv5/hard\libc_nano.a(lib_a-init.o)
                0x080042e8                __libc_init_array
 .text.memcpy   0x08004330       0x16 c:/systemworkbench/plugins/fr.ac6.mcu.externaltools.arm-none.win32_1.17.0.201812190825/tools/compiler/bin/../lib/gcc/arm-none-eabi/7.3.1/../../../../arm-none-eabi/lib/thumb/v7e-m/fpv5/hard\libc_nano.a(lib_a-memcpy-stub.o)
                0x08004330                memcpy
 .text.memmove  0x08004346       0x32 c:/systemworkbench/plugins/fr.ac6.mcu.externaltools.arm-none.win32_1.17.0.201812190825/tools/compiler/bin/../lib/gcc/arm-none-eabi/7.3.1/../../../../arm-none-eabi/lib/thumb/v7e-m/fpv5/hard\libc_nano.a(lib_a-memmove.o)
                0x08004346                memmove
 .text.sprintf  0x08004378       0x40 c:/systemworkbench/plugins/fr.ac6.mcu.externaltools.arm-none.win32_1.17.0.201812190825/tools/compiler/bin/../lib/gcc/arm-none-eabi/7.3.1/../../../../arm-none-eabi/lib/thumb/v7e-m/fpv5/hard\libc_nano.a(lib_a-sprintf.o)
                0x08004378                siprintf
                0x08004378                sprintf
 .text.__ssputs_r
                0x080043b8       0xb4 c:/systemworkbench/plugins/fr.ac6.mcu.externaltools.arm-none.win32_1.17.0.201812190825/tools/compiler/bin/../lib/gcc/arm-none-eabi/7.3.1/../../../../arm-none-eabi/lib/thumb/v7e-m/fpv5/hard\libc_nano.a(lib_a-nano-svfprintf.o)
                0x080043b8                __ssputs_r
 .text._svfprintf_r
                0x0800446c      0x1f0 c:/systemworkbench/plugins/fr.ac6.mcu.externaltools.arm-none.win32_1.17.0.201812190825/tools/compiler/bin/../lib/gcc/arm-none-eabi/7.3.1/../../../../arm-none-eabi/lib/thumb/v7e-m/fpv5/hard\libc_nano.a(lib_a-nano-svfprintf.o)
                0x0800446c                _svfiprintf_r
                0x0800446c                _svfprintf_r
 .text._printf_common
                0x0800465c       0xea c:/systemworkbench/plugins/fr.ac6.mcu.externaltools.arm-none.win32_1.17.0.201812190825/tools/compiler/bin/../lib/gcc/arm-none-eabi/7.3.1/../../../../arm-none-eabi/lib/thumb/v7e-m/fpv5/hard\libc_nano.a(lib_a-nano-vfprintf_i.o)
                0x0800465c                _printf_common
 *fill*         0x08004746        0x2 
 .text._printf_i
                0x08004748      0x224 c:/systemworkbench/plugins/fr.ac6.mcu.externaltools.arm-none.win32_1.17.0.201812190825/tools/compiler/bin/../lib/gcc/arm-none-eabi/7.3.1/../../../../arm-none-eabi/lib/thumb/v7e-m/fpv5/hard\libc_nano.a(lib_a-nano-vfprintf_i.o)
                0x08004748                _printf_i
 .text._free_r  0x0800496c       0x9c c:/systemworkbench/plugins/fr.ac6.mcu.externaltools.arm-none.win32_1.17.0.201812190825/tools/compiler/bin/../lib/gcc/arm-none-eabi/7.3.1/../../../../arm-none-eabi/lib/thumb/v7e-m/fpv5/hard\libc_nano.a(lib_a-nano-freer.o)
                0x0800496c                _free_r
 .text._malloc_r
                0x08004a08       0xb4 c:/systemworkbench/plugins/fr.ac6.mcu.externaltools.arm-none.win32_1.17.0.201812190825/tools/compiler/bin/../lib/gcc/arm-none-eabi/7.3.1/../../../../arm-none-eabi/lib/thumb/v7e-m/fpv5/hard\libc_nano.a(lib_a-nano-mallocr.o)
                0x08004a08                _malloc_r
 .text._realloc_r
                0x08004abc       0x4c c:/systemworkbench/plugins/fr.ac6.mcu.externaltools.arm-none.win32_1.17.0.201812190825/tools/compiler/bin/../lib/gcc/arm-none-eabi/7.3.1/../../../../arm-none-eabi/lib/thumb/v7e-m/fpv5/hard\libc_nano.a(lib_a-nano-reallocr.o)
                0x08004abc                _realloc_r
 .text._sbrk_r  0x08004b08       0x20 c:/systemworkbench/plugins/fr.ac6.mcu.externaltools.arm-none.win32_1.17.0.201812190825/tools/compiler/bin/../lib/gcc/arm-none-eabi/7.3.1/../../../../arm-none-eabi/lib/thumb/v7e-m/fpv5/hard\libc_nano.a(lib_a-sbrkr.o)
                0x08004b08                _sbrk_r
 .text.__malloc_lock
                0x08004b28        0x2 c:/systemworkbench/plugins/fr.ac6.mcu.externaltools.arm-none.win32_1.17.0.201812190825/tools/compiler/bin/../lib/gcc/arm-none-eabi/7.3.1/../../../../arm-none-eabi/lib/thumb/v7e-m/fpv5/hard\libc_nano.a(lib_a-mlock.o)
                0x08004b28                __malloc_lock
 .text.__malloc_unlock
                0x08004b2a        0x2 c:/systemworkbench/plugins/fr.ac6.mcu.externaltools.arm-none.win32_1.17.0.201812190825/tools/compiler/bin/../lib/gcc/arm-none-eabi/7.3.1/../../../../arm-none-eabi/lib/thumb/v7e-m/fpv5/hard\libc_nano.a(lib_a-mlock.o)
                0x08004b2a                __malloc_unlock
 .text._malloc_usable_size_r
                0x08004b2c       0x10 c:/systemworkbench/plugins/fr.ac6.mcu.externaltools.arm-none.win32_1.17.0.201812190825/tools/compiler/bin/../lib/gcc/arm-none-eabi/7.3.1/../../../../arm-none-eabi/lib/thumb/v7e-m/fpv5/hard\libc_nano.a(lib_a-nano-msizer.o)
                0x08004b2c                _malloc_usable_size_r
 .text._sbrk    0x08004b3c       0x1c c:/systemworkbench/plugins/fr.ac6.mcu.externaltools.arm-none.win32_1.17.0.201812190825/tools/compiler/bin/../lib/gcc/arm-none-eabi/7.3.1/../../../../arm-none-eabi/lib/thumb/v7e-m/fpv5/hard\libnosys.a(sbrk.o)
                0x08004b3c                _sbrk
 *(.glue_7)
 .glue_7        0x08004b58        0x0 linker stubs
 *(.glue_7t)
 .glue_7t       0x08004b58        0x0 linker stubs
 *(.eh_frame)
 .eh_frame      0x08004b58        0x0 c:/systemworkbench/plugins/fr.ac6.mcu.externaltools.arm-none.win32_1.17.0.201812190825/tools/compiler/bin/../lib/gcc/arm-none-eabi/7.3.1/thumb/v7e-m/fpv5/hard/crtbegin.o
 *(.init)
 .init          0x08004b58        0x4 c:/systemworkbench/plugins/fr.ac6.mcu.externaltools.arm-none.win32_1.17.0.201812190825/tools/compiler/bin/../lib/gcc/arm-none-eabi/7.3.1/thumb/v7e-m/fpv5/hard/crti.o
                0x08004b58                _init
 .init          0x08004b5c        0x8 c:/systemworkbench/plugins/fr.ac6.mcu.externaltools.arm-none.win32_1.17.0.201812190825/tools/compiler/bin/../lib/gcc/arm-none-eabi/7.3.1/thumb/v7e-m/fpv5/hard/crtn.o
 *(.fini)
 .fini          0x08004b64        0x4 c:/systemworkbench/plugins/fr.ac6.mcu.externaltools.arm-none.win32_1.17.0.201812190825/tools/compiler/bin/../lib/gcc/arm-none-eabi/7.3.1/thumb/v7e-m/fpv5/hard/crti.o
                0x08004b64                _fini
 .fini          0x08004b68        0x8 c:/systemworkbench/plugins/fr.ac6.mcu.externaltools.arm-none.win32_1.17.0.201812190825/tools/compiler/bin/../lib/gcc/arm-none-eabi/7.3.1/thumb/v7e-m/fpv5/hard/crtn.o
                0x08004b70                . = ALIGN (0x4)
                0x08004b70                _etext = .

.vfp11_veneer   0x08004b70        0x0
 .vfp11_veneer  0x08004b70        0x0 linker stubs

.v4_bx          0x08004b70        0x0
 .v4_bx         0x08004b70        0x0 linker stubs

.iplt           0x08004b70        0x0
 .iplt          0x08004b70        0x0 c:/systemworkbench/plugins/fr.ac6.mcu.externaltools.arm-none.win32_1.17.0.201812190825/tools/compiler/bin/../lib/gcc/arm-none-eabi/7.3.1/thumb/v7e-m/fpv5/hard/crtbegin.o

.rodata         0x08004b70     0x203c
                0x08004b70                . = ALIGN (0x4)
 *(.rodata)
 .rodata        0x08004b70       0x11 Drivers/STM32F7xx_HAL_Driver/Src/stm32f7xx_hal_uart.o
 *fill*         0x08004b81        0x3 
 .rodata        0x08004b84     0x1f84 Src/main.o
                0x08005184                config
 .rodata        0x08006b08       0x18 Src/system_stm32f7xx.o
                0x08006b08                AHBPrescTable
                0x08006b18                APBPrescTable
 *(.rodata*)
 .rodata.str1.4
                0x08006b20       0x58 Src/main.o
 .rodata._svfprintf_r.str1.1
                0x08006b78       0x11 c:/systemworkbench/plugins/fr.ac6.mcu.externaltools.arm-none.win32_1.17.0.201812190825/tools/compiler/bin/../lib/gcc/arm-none-eabi/7.3.1/../../../../arm-none-eabi/lib/thumb/v7e-m/fpv5/hard\libc_nano.a(lib_a-nano-svfprintf.o)
 .rodata._printf_i.str1.1
                0x08006b89       0x22 c:/systemworkbench/plugins/fr.ac6.mcu.externaltools.arm-none.win32_1.17.0.201812190825/tools/compiler/bin/../lib/gcc/arm-none-eabi/7.3.1/../../../../arm-none-eabi/lib/thumb/v7e-m/fpv5/hard\libc_nano.a(lib_a-nano-vfprintf_i.o)
                0x08006bac                . = ALIGN (0x4)
 *fill*         0x08006bab        0x1 

.ARM.extab
 *(.ARM.extab* .gnu.linkonce.armextab.*)

.ARM            0x08006bac        0x8
                0x08006bac                __exidx_start = .
 *(.ARM.exidx*)
 .ARM.exidx     0x08006bac        0x8 c:/systemworkbench/plugins/fr.ac6.mcu.externaltools.arm-none.win32_1.17.0.201812190825/tools/compiler/bin/../lib/gcc/arm-none-eabi/7.3.1/thumb/v7e-m/fpv5/hard\libgcc.a(_udivmoddi4.o)
                0x08006bb4                __exidx_end = .

.rel.dyn        0x08006bb4        0x0
 .rel.iplt      0x08006bb4        0x0 c:/systemworkbench/plugins/fr.ac6.mcu.externaltools.arm-none.win32_1.17.0.201812190825/tools/compiler/bin/../lib/gcc/arm-none-eabi/7.3.1/thumb/v7e-m/fpv5/hard/crtbegin.o

.preinit_array  0x08006bb4        0x0
                0x08006bb4                PROVIDE (__preinit_array_start = .)
 *(.preinit_array*)
                0x08006bb4                PROVIDE (__preinit_array_end = .)

.init_array     0x08006bb4        0x4
                0x08006bb4                PROVIDE (__init_array_start = .)
 *(SORT_BY_NAME(.init_array.*))
 *(.init_array*)
 .init_array    0x08006bb4        0x4 c:/systemworkbench/plugins/fr.ac6.mcu.externaltools.arm-none.win32_1.17.0.201812190825/tools/compiler/bin/../lib/gcc/arm-none-eabi/7.3.1/thumb/v7e-m/fpv5/hard/crtbegin.o
                0x08006bb8                PROVIDE (__init_array_end = .)

.fini_array     0x08006bb8        0x4
                [!provide]                PROVIDE (__fini_array_start = .)
 *(SORT_BY_NAME(.fini_array.*))
 *(.fini_array*)
 .fini_array    0x08006bb8        0x4 c:/systemworkbench/plugins/fr.ac6.mcu.externaltools.arm-none.win32_1.17.0.201812190825/tools/compiler/bin/../lib/gcc/arm-none-eabi/7.3.1/thumb/v7e-m/fpv5/hard/crtbegin.o
                [!provide]                PROVIDE (__fini_array_end = .)
                0x08006bbc                _sidata = LOADADDR (.data)

.data           0x20000000       0x78 load address 0x08006bbc
                0x20000000                . = ALIGN (0x4)
                0x20000000                _sdata = .
 *(.data)
 .data          0x20000000        0x8 Drivers/STM32F7xx_HAL_Driver/Src/stm32f7xx_hal.o
                0x20000000                uwTickFreq
                0x20000004                uwTickPrio
 .data          0x20000008        0x8 Src/main.o
                0x20000008                rx_freq
                0x2000000c                tx_freq
 .data          0x20000010        0x4 Src/system_stm32f7xx.o
                0x20000010                SystemCoreClock
 *(.data*)
 .data._impure_ptr
                0x20000014        0x4 c:/systemworkbench/plugins/fr.ac6.mcu.externaltools.arm-none.win32_1.17.0.201812190825/tools/compiler/bin/../lib/gcc/arm-none-eabi/7.3.1/../../../../arm-none-eabi/lib/thumb/v7e-m/fpv5/hard\libc_nano.a(lib_a-impure.o)
                0x20000014                _impure_ptr
 .data.impure_data
                0x20000018       0x60 c:/systemworkbench/plugins/fr.ac6.mcu.externaltools.arm-none.win32_1.17.0.201812190825/tools/compiler/bin/../lib/gcc/arm-none-eabi/7.3.1/../../../../arm-none-eabi/lib/thumb/v7e-m/fpv5/hard\libc_nano.a(lib_a-impure.o)
                0x20000078                . = ALIGN (0x4)
                0x20000078                _edata = .

.igot.plt       0x20000078        0x0 load address 0x08006c34
 .igot.plt      0x20000078        0x0 c:/systemworkbench/plugins/fr.ac6.mcu.externaltools.arm-none.win32_1.17.0.201812190825/tools/compiler/bin/../lib/gcc/arm-none-eabi/7.3.1/thumb/v7e-m/fpv5/hard/crtbegin.o
                0x20000078                . = ALIGN (0x4)

.bss            0x20000078      0x2bc load address 0x08006c34
                0x20000078                _sbss = .
                0x20000078                __bss_start__ = _sbss
 *(.bss)
 .bss           0x20000078       0x1c c:/systemworkbench/plugins/fr.ac6.mcu.externaltools.arm-none.win32_1.17.0.201812190825/tools/compiler/bin/../lib/gcc/arm-none-eabi/7.3.1/thumb/v7e-m/fpv5/hard/crtbegin.o
 .bss           0x20000094        0xc Src/main.o
                0x20000094                r_initd
                0x20000098                last_id_from
                0x2000009c                last_id_to
 *(.bss*)
 .bss.__malloc_free_list
                0x200000a0        0x4 c:/systemworkbench/plugins/fr.ac6.mcu.externaltools.arm-none.win32_1.17.0.201812190825/tools/compiler/bin/../lib/gcc/arm-none-eabi/7.3.1/../../../../arm-none-eabi/lib/thumb/v7e-m/fpv5/hard\libc_nano.a(lib_a-nano-mallocr.o)
                0x200000a0                __malloc_free_list
 .bss.__malloc_sbrk_start
                0x200000a4        0x4 c:/systemworkbench/plugins/fr.ac6.mcu.externaltools.arm-none.win32_1.17.0.201812190825/tools/compiler/bin/../lib/gcc/arm-none-eabi/7.3.1/../../../../arm-none-eabi/lib/thumb/v7e-m/fpv5/hard\libc_nano.a(lib_a-nano-mallocr.o)
                0x200000a4                __malloc_sbrk_start
 .bss.heap_end.5377
                0x200000a8        0x4 c:/systemworkbench/plugins/fr.ac6.mcu.externaltools.arm-none.win32_1.17.0.201812190825/tools/compiler/bin/../lib/gcc/arm-none-eabi/7.3.1/../../../../arm-none-eabi/lib/thumb/v7e-m/fpv5/hard\libnosys.a(sbrk.o)
 *(COMMON)
 COMMON         0x200000ac        0x4 Drivers/STM32F7xx_HAL_Driver/Src/stm32f7xx_hal.o
                0x200000ac                uwTick
 COMMON         0x200000b0      0x280 Src/main.o
                0x200000b0                hspi2
                0x20000114                htim4
                0x20000154                htim3
                0x20000194                rcv_buff
                0x200001f8                RX_ints
                0x20000200                hadc1
                0x20000248                huart1
                0x200002b8                hdac
                0x200002cc                hspi1
 COMMON         0x20000330        0x4 c:/systemworkbench/plugins/fr.ac6.mcu.externaltools.arm-none.win32_1.17.0.201812190825/tools/compiler/bin/../lib/gcc/arm-none-eabi/7.3.1/../../../../arm-none-eabi/lib/thumb/v7e-m/fpv5/hard\libc_nano.a(lib_a-reent.o)
                0x20000330                errno
                0x20000334                . = ALIGN (0x4)
                0x20000334                _ebss = .
                0x20000334                __bss_end__ = _ebss

._user_heap_stack
                0x20000334      0x604 load address 0x08006c34
                0x20000338                . = ALIGN (0x8)
 *fill*         0x20000334        0x4 
                0x20000338                PROVIDE (end = .)
                [!provide]                PROVIDE (_end = .)
                0x20000538                . = (. + _Min_Heap_Size)
 *fill*         0x20000338      0x200 
                0x20000938                . = (. + _Min_Stack_Size)
 *fill*         0x20000538      0x400 
                0x20000938                . = ALIGN (0x8)

/DISCARD/
 libc.a(*)
 libm.a(*)
 libgcc.a(*)

.ARM.attributes
                0x00000000       0x2e
 *(.ARM.attributes)
 .ARM.attributes
                0x00000000       0x20 c:/systemworkbench/plugins/fr.ac6.mcu.externaltools.arm-none.win32_1.17.0.201812190825/tools/compiler/bin/../lib/gcc/arm-none-eabi/7.3.1/thumb/v7e-m/fpv5/hard/crti.o
 .ARM.attributes
                0x00000020       0x32 c:/systemworkbench/plugins/fr.ac6.mcu.externaltools.arm-none.win32_1.17.0.201812190825/tools/compiler/bin/../lib/gcc/arm-none-eabi/7.3.1/thumb/v7e-m/fpv5/hard/crtbegin.o
 .ARM.attributes
                0x00000052       0x37 Drivers/STM32F7xx_HAL_Driver/Src/stm32f7xx_hal.o
 .ARM.attributes
                0x00000089       0x37 Drivers/STM32F7xx_HAL_Driver/Src/stm32f7xx_hal_adc.o
 .ARM.attributes
                0x000000c0       0x37 Drivers/STM32F7xx_HAL_Driver/Src/stm32f7xx_hal_cortex.o
 .ARM.attributes
                0x000000f7       0x37 Drivers/STM32F7xx_HAL_Driver/Src/stm32f7xx_hal_dac.o
 .ARM.attributes
                0x0000012e       0x37 Drivers/STM32F7xx_HAL_Driver/Src/stm32f7xx_hal_gpio.o
 .ARM.attributes
                0x00000165       0x37 Drivers/STM32F7xx_HAL_Driver/Src/stm32f7xx_hal_pwr_ex.o
 .ARM.attributes
                0x0000019c       0x37 Drivers/STM32F7xx_HAL_Driver/Src/stm32f7xx_hal_rcc.o
 .ARM.attributes
                0x000001d3       0x37 Drivers/STM32F7xx_HAL_Driver/Src/stm32f7xx_hal_rcc_ex.o
 .ARM.attributes
                0x0000020a       0x37 Drivers/STM32F7xx_HAL_Driver/Src/stm32f7xx_hal_spi.o
 .ARM.attributes
                0x00000241       0x37 Drivers/STM32F7xx_HAL_Driver/Src/stm32f7xx_hal_tim.o
 .ARM.attributes
                0x00000278       0x37 Drivers/STM32F7xx_HAL_Driver/Src/stm32f7xx_hal_tim_ex.o
 .ARM.attributes
                0x000002af       0x37 Drivers/STM32F7xx_HAL_Driver/Src/stm32f7xx_hal_uart.o
 .ARM.attributes
                0x000002e6       0x37 Src/main.o
 .ARM.attributes
                0x0000031d       0x37 Src/stm32f7xx_hal_msp.o
 .ARM.attributes
                0x00000354       0x37 Src/stm32f7xx_it.o
 .ARM.attributes
                0x0000038b       0x37 Src/system_stm32f7xx.o
 .ARM.attributes
                0x000003c2       0x21 startup/startup_stm32f777xx.o
 .ARM.attributes
                0x000003e3       0x20 c:/systemworkbench/plugins/fr.ac6.mcu.externaltools.arm-none.win32_1.17.0.201812190825/tools/compiler/bin/../lib/gcc/arm-none-eabi/7.3.1/thumb/v7e-m/fpv5/hard\libgcc.a(_aeabi_uldivmod.o)
 .ARM.attributes
                0x00000403       0x32 c:/systemworkbench/plugins/fr.ac6.mcu.externaltools.arm-none.win32_1.17.0.201812190825/tools/compiler/bin/../lib/gcc/arm-none-eabi/7.3.1/thumb/v7e-m/fpv5/hard\libgcc.a(_udivmoddi4.o)
 .ARM.attributes
                0x00000435       0x20 c:/systemworkbench/plugins/fr.ac6.mcu.externaltools.arm-none.win32_1.17.0.201812190825/tools/compiler/bin/../lib/gcc/arm-none-eabi/7.3.1/thumb/v7e-m/fpv5/hard\libgcc.a(_dvmd_tls.o)
 .ARM.attributes
                0x00000455       0x32 c:/systemworkbench/plugins/fr.ac6.mcu.externaltools.arm-none.win32_1.17.0.201812190825/tools/compiler/bin/../lib/gcc/arm-none-eabi/7.3.1/../../../../arm-none-eabi/lib/thumb/v7e-m/fpv5/hard\libc_nano.a(lib_a-impure.o)
 .ARM.attributes
                0x00000487       0x32 c:/systemworkbench/plugins/fr.ac6.mcu.externaltools.arm-none.win32_1.17.0.201812190825/tools/compiler/bin/../lib/gcc/arm-none-eabi/7.3.1/../../../../arm-none-eabi/lib/thumb/v7e-m/fpv5/hard\libc_nano.a(lib_a-init.o)
 .ARM.attributes
                0x000004b9       0x32 c:/systemworkbench/plugins/fr.ac6.mcu.externaltools.arm-none.win32_1.17.0.201812190825/tools/compiler/bin/../lib/gcc/arm-none-eabi/7.3.1/../../../../arm-none-eabi/lib/thumb/v7e-m/fpv5/hard\libc_nano.a(lib_a-memcpy-stub.o)
 .ARM.attributes
                0x000004eb       0x32 c:/systemworkbench/plugins/fr.ac6.mcu.externaltools.arm-none.win32_1.17.0.201812190825/tools/compiler/bin/../lib/gcc/arm-none-eabi/7.3.1/../../../../arm-none-eabi/lib/thumb/v7e-m/fpv5/hard\libc_nano.a(lib_a-memmove.o)
 .ARM.attributes
                0x0000051d       0x32 c:/systemworkbench/plugins/fr.ac6.mcu.externaltools.arm-none.win32_1.17.0.201812190825/tools/compiler/bin/../lib/gcc/arm-none-eabi/7.3.1/../../../../arm-none-eabi/lib/thumb/v7e-m/fpv5/hard\libc_nano.a(lib_a-sprintf.o)
 .ARM.attributes
                0x0000054f       0x19 c:/systemworkbench/plugins/fr.ac6.mcu.externaltools.arm-none.win32_1.17.0.201812190825/tools/compiler/bin/../lib/gcc/arm-none-eabi/7.3.1/../../../../arm-none-eabi/lib/thumb/v7e-m/fpv5/hard\libc_nano.a(lib_a-strlen.o)
 .ARM.attributes
                0x00000568       0x32 c:/systemworkbench/plugins/fr.ac6.mcu.externaltools.arm-none.win32_1.17.0.201812190825/tools/compiler/bin/../lib/gcc/arm-none-eabi/7.3.1/../../../../arm-none-eabi/lib/thumb/v7e-m/fpv5/hard\libc_nano.a(lib_a-nano-svfprintf.o)
 .ARM.attributes
                0x0000059a       0x32 c:/systemworkbench/plugins/fr.ac6.mcu.externaltools.arm-none.win32_1.17.0.201812190825/tools/compiler/bin/../lib/gcc/arm-none-eabi/7.3.1/../../../../arm-none-eabi/lib/thumb/v7e-m/fpv5/hard\libc_nano.a(lib_a-nano-vfprintf_i.o)
 .ARM.attributes
                0x000005cc       0x1e c:/systemworkbench/plugins/fr.ac6.mcu.externaltools.arm-none.win32_1.17.0.201812190825/tools/compiler/bin/../lib/gcc/arm-none-eabi/7.3.1/../../../../arm-none-eabi/lib/thumb/v7e-m/fpv5/hard\libc_nano.a(lib_a-memchr.o)
 .ARM.attributes
                0x000005ea       0x32 c:/systemworkbench/plugins/fr.ac6.mcu.externaltools.arm-none.win32_1.17.0.201812190825/tools/compiler/bin/../lib/gcc/arm-none-eabi/7.3.1/../../../../arm-none-eabi/lib/thumb/v7e-m/fpv5/hard\libc_nano.a(lib_a-nano-freer.o)
 .ARM.attributes
                0x0000061c       0x32 c:/systemworkbench/plugins/fr.ac6.mcu.externaltools.arm-none.win32_1.17.0.201812190825/tools/compiler/bin/../lib/gcc/arm-none-eabi/7.3.1/../../../../arm-none-eabi/lib/thumb/v7e-m/fpv5/hard\libc_nano.a(lib_a-nano-mallocr.o)
 .ARM.attributes
                0x0000064e       0x32 c:/systemworkbench/plugins/fr.ac6.mcu.externaltools.arm-none.win32_1.17.0.201812190825/tools/compiler/bin/../lib/gcc/arm-none-eabi/7.3.1/../../../../arm-none-eabi/lib/thumb/v7e-m/fpv5/hard\libc_nano.a(lib_a-nano-reallocr.o)
 .ARM.attributes
                0x00000680       0x32 c:/systemworkbench/plugins/fr.ac6.mcu.externaltools.arm-none.win32_1.17.0.201812190825/tools/compiler/bin/../lib/gcc/arm-none-eabi/7.3.1/../../../../arm-none-eabi/lib/thumb/v7e-m/fpv5/hard\libc_nano.a(lib_a-sbrkr.o)
 .ARM.attributes
                0x000006b2       0x32 c:/systemworkbench/plugins/fr.ac6.mcu.externaltools.arm-none.win32_1.17.0.201812190825/tools/compiler/bin/../lib/gcc/arm-none-eabi/7.3.1/../../../../arm-none-eabi/lib/thumb/v7e-m/fpv5/hard\libc_nano.a(lib_a-mlock.o)
 .ARM.attributes
                0x000006e4       0x32 c:/systemworkbench/plugins/fr.ac6.mcu.externaltools.arm-none.win32_1.17.0.201812190825/tools/compiler/bin/../lib/gcc/arm-none-eabi/7.3.1/../../../../arm-none-eabi/lib/thumb/v7e-m/fpv5/hard\libc_nano.a(lib_a-nano-msizer.o)
 .ARM.attributes
                0x00000716       0x32 c:/systemworkbench/plugins/fr.ac6.mcu.externaltools.arm-none.win32_1.17.0.201812190825/tools/compiler/bin/../lib/gcc/arm-none-eabi/7.3.1/../../../../arm-none-eabi/lib/thumb/v7e-m/fpv5/hard\libc_nano.a(lib_a-reent.o)
 .ARM.attributes
                0x00000748       0x32 c:/systemworkbench/plugins/fr.ac6.mcu.externaltools.arm-none.win32_1.17.0.201812190825/tools/compiler/bin/../lib/gcc/arm-none-eabi/7.3.1/../../../../arm-none-eabi/lib/thumb/v7e-m/fpv5/hard\libnosys.a(sbrk.o)
 .ARM.attributes
                0x0000077a       0x20 c:/systemworkbench/plugins/fr.ac6.mcu.externaltools.arm-none.win32_1.17.0.201812190825/tools/compiler/bin/../lib/gcc/arm-none-eabi/7.3.1/thumb/v7e-m/fpv5/hard/crtn.o
OUTPUT(M17_Repeater.elf elf32-littlearm)

.debug_info     0x00000000    0x1d8b7
 .debug_info    0x00000000     0x131c Drivers/STM32F7xx_HAL_Driver/Src/stm32f7xx_hal.o
 .debug_info    0x0000131c     0x1571 Drivers/STM32F7xx_HAL_Driver/Src/stm32f7xx_hal_adc.o
 .debug_info    0x0000288d     0x19b9 Drivers/STM32F7xx_HAL_Driver/Src/stm32f7xx_hal_cortex.o
 .debug_info    0x00004246     0x12be Drivers/STM32F7xx_HAL_Driver/Src/stm32f7xx_hal_dac.o
 .debug_info    0x00005504      0xfce Drivers/STM32F7xx_HAL_Driver/Src/stm32f7xx_hal_gpio.o
 .debug_info    0x000064d2     0x1237 Drivers/STM32F7xx_HAL_Driver/Src/stm32f7xx_hal_pwr_ex.o
 .debug_info    0x00007709     0x13fe Drivers/STM32F7xx_HAL_Driver/Src/stm32f7xx_hal_rcc.o
 .debug_info    0x00008b07     0x1099 Drivers/STM32F7xx_HAL_Driver/Src/stm32f7xx_hal_rcc_ex.o
 .debug_info    0x00009ba0     0x285d Drivers/STM32F7xx_HAL_Driver/Src/stm32f7xx_hal_spi.o
 .debug_info    0x0000c3fd     0x403a Drivers/STM32F7xx_HAL_Driver/Src/stm32f7xx_hal_tim.o
 .debug_info    0x00010437     0x1ff8 Drivers/STM32F7xx_HAL_Driver/Src/stm32f7xx_hal_tim_ex.o
 .debug_info    0x0001242f     0x20c3 Drivers/STM32F7xx_HAL_Driver/Src/stm32f7xx_hal_uart.o
 .debug_info    0x000144f2     0x571f Src/main.o
 .debug_info    0x00019c11     0x226b Src/stm32f7xx_hal_msp.o
 .debug_info    0x0001be7c      0xb29 Src/stm32f7xx_it.o
 .debug_info    0x0001c9a5      0xf12 Src/system_stm32f7xx.o

.debug_abbrev   0x00000000     0x35bc
 .debug_abbrev  0x00000000      0x338 Drivers/STM32F7xx_HAL_Driver/Src/stm32f7xx_hal.o
 .debug_abbrev  0x00000338      0x32b Drivers/STM32F7xx_HAL_Driver/Src/stm32f7xx_hal_adc.o
 .debug_abbrev  0x00000663      0x3c5 Drivers/STM32F7xx_HAL_Driver/Src/stm32f7xx_hal_cortex.o
 .debug_abbrev  0x00000a28      0x333 Drivers/STM32F7xx_HAL_Driver/Src/stm32f7xx_hal_dac.o
 .debug_abbrev  0x00000d5b      0x2b4 Drivers/STM32F7xx_HAL_Driver/Src/stm32f7xx_hal_gpio.o
 .debug_abbrev  0x0000100f      0x2d9 Drivers/STM32F7xx_HAL_Driver/Src/stm32f7xx_hal_pwr_ex.o
 .debug_abbrev  0x000012e8      0x3b8 Drivers/STM32F7xx_HAL_Driver/Src/stm32f7xx_hal_rcc.o
 .debug_abbrev  0x000016a0      0x29c Drivers/STM32F7xx_HAL_Driver/Src/stm32f7xx_hal_rcc_ex.o
 .debug_abbrev  0x0000193c      0x423 Drivers/STM32F7xx_HAL_Driver/Src/stm32f7xx_hal_spi.o
 .debug_abbrev  0x00001d5f      0x3d0 Drivers/STM32F7xx_HAL_Driver/Src/stm32f7xx_hal_tim.o
 .debug_abbrev  0x0000212f      0x39b Drivers/STM32F7xx_HAL_Driver/Src/stm32f7xx_hal_tim_ex.o
 .debug_abbrev  0x000024ca      0x425 Drivers/STM32F7xx_HAL_Driver/Src/stm32f7xx_hal_uart.o
 .debug_abbrev  0x000028ef      0x56a Src/main.o
 .debug_abbrev  0x00002e59      0x2da Src/stm32f7xx_hal_msp.o
 .debug_abbrev  0x00003133      0x277 Src/stm32f7xx_it.o
 .debug_abbrev  0x000033aa      0x212 Src/system_stm32f7xx.o

.debug_loc      0x00000000     0xc779
 .debug_loc     0x00000000      0x10d Drivers/STM32F7xx_HAL_Driver/Src/stm32f7xx_hal.o
 .debug_loc     0x0000010d      0x7e9 Drivers/STM32F7xx_HAL_Driver/Src/stm32f7xx_hal_adc.o
 .debug_loc     0x000008f6      0x5a2 Drivers/STM32F7xx_HAL_Driver/Src/stm32f7xx_hal_cortex.o
 .debug_loc     0x00000e98      0x75e Drivers/STM32F7xx_HAL_Driver/Src/stm32f7xx_hal_dac.o
 .debug_loc     0x000015f6      0x4a0 Drivers/STM32F7xx_HAL_Driver/Src/stm32f7xx_hal_gpio.o
 .debug_loc     0x00001a96      0x257 Drivers/STM32F7xx_HAL_Driver/Src/stm32f7xx_hal_pwr_ex.o
 .debug_loc     0x00001ced      0x565 Drivers/STM32F7xx_HAL_Driver/Src/stm32f7xx_hal_rcc.o
 .debug_loc     0x00002252      0x6da Drivers/STM32F7xx_HAL_Driver/Src/stm32f7xx_hal_rcc_ex.o
 .debug_loc     0x0000292c     0x1d27 Drivers/STM32F7xx_HAL_Driver/Src/stm32f7xx_hal_spi.o
 .debug_loc     0x00004653     0x4296 Drivers/STM32F7xx_HAL_Driver/Src/stm32f7xx_hal_tim.o
 .debug_loc     0x000088e9     0x17c7 Drivers/STM32F7xx_HAL_Driver/Src/stm32f7xx_hal_tim_ex.o
 .debug_loc     0x0000a0b0     0x166e Drivers/STM32F7xx_HAL_Driver/Src/stm32f7xx_hal_uart.o
 .debug_loc     0x0000b71e      0xd9d Src/main.o
 .debug_loc     0x0000c4bb      0x19d Src/stm32f7xx_hal_msp.o
 .debug_loc     0x0000c658      0x121 Src/system_stm32f7xx.o

.debug_aranges  0x00000000      0xd98
 .debug_aranges
                0x00000000      0x108 Drivers/STM32F7xx_HAL_Driver/Src/stm32f7xx_hal.o
 .debug_aranges
                0x00000108       0xb8 Drivers/STM32F7xx_HAL_Driver/Src/stm32f7xx_hal_adc.o
 .debug_aranges
                0x000001c0       0xa8 Drivers/STM32F7xx_HAL_Driver/Src/stm32f7xx_hal_cortex.o
 .debug_aranges
                0x00000268       0x98 Drivers/STM32F7xx_HAL_Driver/Src/stm32f7xx_hal_dac.o
 .debug_aranges
                0x00000300       0x58 Drivers/STM32F7xx_HAL_Driver/Src/stm32f7xx_hal_gpio.o
 .debug_aranges
                0x00000358       0x80 Drivers/STM32F7xx_HAL_Driver/Src/stm32f7xx_hal_pwr_ex.o
 .debug_aranges
                0x000003d8       0x90 Drivers/STM32F7xx_HAL_Driver/Src/stm32f7xx_hal_rcc.o
 .debug_aranges
                0x00000468       0x50 Drivers/STM32F7xx_HAL_Driver/Src/stm32f7xx_hal_rcc_ex.o
 .debug_aranges
                0x000004b8      0x1a0 Drivers/STM32F7xx_HAL_Driver/Src/stm32f7xx_hal_spi.o
 .debug_aranges
                0x00000658      0x250 Drivers/STM32F7xx_HAL_Driver/Src/stm32f7xx_hal_tim.o
 .debug_aranges
                0x000008a8      0x120 Drivers/STM32F7xx_HAL_Driver/Src/stm32f7xx_hal_tim_ex.o
 .debug_aranges
                0x000009c8      0x140 Drivers/STM32F7xx_HAL_Driver/Src/stm32f7xx_hal_uart.o
 .debug_aranges
                0x00000b08      0x168 Src/main.o
 .debug_aranges
                0x00000c70       0x88 Src/stm32f7xx_hal_msp.o
 .debug_aranges
                0x00000cf8       0x78 Src/stm32f7xx_it.o
 .debug_aranges
                0x00000d70       0x28 Src/system_stm32f7xx.o

.debug_ranges   0x00000000     0x1920
 .debug_ranges  0x00000000       0xf8 Drivers/STM32F7xx_HAL_Driver/Src/stm32f7xx_hal.o
 .debug_ranges  0x000000f8       0xe0 Drivers/STM32F7xx_HAL_Driver/Src/stm32f7xx_hal_adc.o
 .debug_ranges  0x000001d8      0x168 Drivers/STM32F7xx_HAL_Driver/Src/stm32f7xx_hal_cortex.o
 .debug_ranges  0x00000340       0x88 Drivers/STM32F7xx_HAL_Driver/Src/stm32f7xx_hal_dac.o
 .debug_ranges  0x000003c8       0x80 Drivers/STM32F7xx_HAL_Driver/Src/stm32f7xx_hal_gpio.o
 .debug_ranges  0x00000448      0x130 Drivers/STM32F7xx_HAL_Driver/Src/stm32f7xx_hal_pwr_ex.o
 .debug_ranges  0x00000578      0x130 Drivers/STM32F7xx_HAL_Driver/Src/stm32f7xx_hal_rcc.o
 .debug_ranges  0x000006a8       0x60 Drivers/STM32F7xx_HAL_Driver/Src/stm32f7xx_hal_rcc_ex.o
 .debug_ranges  0x00000708      0x2d0 Drivers/STM32F7xx_HAL_Driver/Src/stm32f7xx_hal_spi.o
 .debug_ranges  0x000009d8      0x5b0 Drivers/STM32F7xx_HAL_Driver/Src/stm32f7xx_hal_tim.o
 .debug_ranges  0x00000f88      0x230 Drivers/STM32F7xx_HAL_Driver/Src/stm32f7xx_hal_tim_ex.o
 .debug_ranges  0x000011b8      0x168 Drivers/STM32F7xx_HAL_Driver/Src/stm32f7xx_hal_uart.o
 .debug_ranges  0x00001320      0x380 Src/main.o
 .debug_ranges  0x000016a0      0x200 Src/stm32f7xx_hal_msp.o
 .debug_ranges  0x000018a0       0x68 Src/stm32f7xx_it.o
 .debug_ranges  0x00001908       0x18 Src/system_stm32f7xx.o

.debug_macro    0x00000000    0x29815
 .debug_macro   0x00000000      0x39d Drivers/STM32F7xx_HAL_Driver/Src/stm32f7xx_hal.o
 .debug_macro   0x0000039d      0xa6c Drivers/STM32F7xx_HAL_Driver/Src/stm32f7xx_hal.o
 .debug_macro   0x00000e09      0x296 Drivers/STM32F7xx_HAL_Driver/Src/stm32f7xx_hal.o
 .debug_macro   0x0000109f      0x191 Drivers/STM32F7xx_HAL_Driver/Src/stm32f7xx_hal.o
 .debug_macro   0x00001230       0x2e Drivers/STM32F7xx_HAL_Driver/Src/stm32f7xx_hal.o
 .debug_macro   0x0000125e       0x3b Drivers/STM32F7xx_HAL_Driver/Src/stm32f7xx_hal.o
 .debug_macro   0x00001299       0x22 Drivers/STM32F7xx_HAL_Driver/Src/stm32f7xx_hal.o
 .debug_macro   0x000012bb       0x8e Drivers/STM32F7xx_HAL_Driver/Src/stm32f7xx_hal.o
 .debug_macro   0x00001349       0x51 Drivers/STM32F7xx_HAL_Driver/Src/stm32f7xx_hal.o
 .debug_macro   0x0000139a       0xef Drivers/STM32F7xx_HAL_Driver/Src/stm32f7xx_hal.o
 .debug_macro   0x00001489       0x6a Drivers/STM32F7xx_HAL_Driver/Src/stm32f7xx_hal.o
 .debug_macro   0x000014f3      0x1df Drivers/STM32F7xx_HAL_Driver/Src/stm32f7xx_hal.o
 .debug_macro   0x000016d2       0x35 Drivers/STM32F7xx_HAL_Driver/Src/stm32f7xx_hal.o
 .debug_macro   0x00001707       0x50 Drivers/STM32F7xx_HAL_Driver/Src/stm32f7xx_hal.o
 .debug_macro   0x00001757     0x1114 Drivers/STM32F7xx_HAL_Driver/Src/stm32f7xx_hal.o
 .debug_macro   0x0000286b    0x1a55b Drivers/STM32F7xx_HAL_Driver/Src/stm32f7xx_hal.o
 .debug_macro   0x0001cdc6       0x43 Drivers/STM32F7xx_HAL_Driver/Src/stm32f7xx_hal.o
 .debug_macro   0x0001ce09     0x35cf Drivers/STM32F7xx_HAL_Driver/Src/stm32f7xx_hal.o
 .debug_macro   0x000203d8       0x5e Drivers/STM32F7xx_HAL_Driver/Src/stm32f7xx_hal.o
 .debug_macro   0x00020436       0x17 Drivers/STM32F7xx_HAL_Driver/Src/stm32f7xx_hal.o
 .debug_macro   0x0002044d       0x35 Drivers/STM32F7xx_HAL_Driver/Src/stm32f7xx_hal.o
 .debug_macro   0x00020482       0x34 Drivers/STM32F7xx_HAL_Driver/Src/stm32f7xx_hal.o
 .debug_macro   0x000204b6       0x16 Drivers/STM32F7xx_HAL_Driver/Src/stm32f7xx_hal.o
 .debug_macro   0x000204cc       0x97 Drivers/STM32F7xx_HAL_Driver/Src/stm32f7xx_hal.o
 .debug_macro   0x00020563      0x330 Drivers/STM32F7xx_HAL_Driver/Src/stm32f7xx_hal.o
 .debug_macro   0x00020893       0xfd Drivers/STM32F7xx_HAL_Driver/Src/stm32f7xx_hal.o
 .debug_macro   0x00020990       0x10 Drivers/STM32F7xx_HAL_Driver/Src/stm32f7xx_hal.o
 .debug_macro   0x000209a0       0x58 Drivers/STM32F7xx_HAL_Driver/Src/stm32f7xx_hal.o
 .debug_macro   0x000209f8       0x1f Drivers/STM32F7xx_HAL_Driver/Src/stm32f7xx_hal.o
 .debug_macro   0x00020a17       0x43 Drivers/STM32F7xx_HAL_Driver/Src/stm32f7xx_hal.o
 .debug_macro   0x00020a5a       0x20 Drivers/STM32F7xx_HAL_Driver/Src/stm32f7xx_hal.o
 .debug_macro   0x00020a7a      0x18e Drivers/STM32F7xx_HAL_Driver/Src/stm32f7xx_hal.o
 .debug_macro   0x00020c08       0x10 Drivers/STM32F7xx_HAL_Driver/Src/stm32f7xx_hal.o
 .debug_macro   0x00020c18       0x1c Drivers/STM32F7xx_HAL_Driver/Src/stm32f7xx_hal.o
 .debug_macro   0x00020c34       0x52 Drivers/STM32F7xx_HAL_Driver/Src/stm32f7xx_hal.o
 .debug_macro   0x00020c86       0x40 Drivers/STM32F7xx_HAL_Driver/Src/stm32f7xx_hal.o
 .debug_macro   0x00020cc6       0x10 Drivers/STM32F7xx_HAL_Driver/Src/stm32f7xx_hal.o
 .debug_macro   0x00020cd6       0x40 Drivers/STM32F7xx_HAL_Driver/Src/stm32f7xx_hal.o
 .debug_macro   0x00020d16       0xd7 Drivers/STM32F7xx_HAL_Driver/Src/stm32f7xx_hal.o
 .debug_macro   0x00020ded       0x1c Drivers/STM32F7xx_HAL_Driver/Src/stm32f7xx_hal.o
 .debug_macro   0x00020e09       0x3d Drivers/STM32F7xx_HAL_Driver/Src/stm32f7xx_hal.o
 .debug_macro   0x00020e46       0x16 Drivers/STM32F7xx_HAL_Driver/Src/stm32f7xx_hal.o
 .debug_macro   0x00020e5c      0x16f Drivers/STM32F7xx_HAL_Driver/Src/stm32f7xx_hal.o
 .debug_macro   0x00020fcb       0x57 Drivers/STM32F7xx_HAL_Driver/Src/stm32f7xx_hal.o
 .debug_macro   0x00021022     0x1b69 Drivers/STM32F7xx_HAL_Driver/Src/stm32f7xx_hal.o
 .debug_macro   0x00022b8b      0x6ca Drivers/STM32F7xx_HAL_Driver/Src/stm32f7xx_hal.o
 .debug_macro   0x00023255      0x11e Drivers/STM32F7xx_HAL_Driver/Src/stm32f7xx_hal.o
 .debug_macro   0x00023373      0x277 Drivers/STM32F7xx_HAL_Driver/Src/stm32f7xx_hal.o
 .debug_macro   0x000235ea       0x27 Drivers/STM32F7xx_HAL_Driver/Src/stm32f7xx_hal.o
 .debug_macro   0x00023611      0x24f Drivers/STM32F7xx_HAL_Driver/Src/stm32f7xx_hal.o
 .debug_macro   0x00023860       0x71 Drivers/STM32F7xx_HAL_Driver/Src/stm32f7xx_hal.o
 .debug_macro   0x000238d1       0x58 Drivers/STM32F7xx_HAL_Driver/Src/stm32f7xx_hal.o
 .debug_macro   0x00023929      0x23a Drivers/STM32F7xx_HAL_Driver/Src/stm32f7xx_hal.o
 .debug_macro   0x00023b63      0x408 Drivers/STM32F7xx_HAL_Driver/Src/stm32f7xx_hal.o
 .debug_macro   0x00023f6b      0x161 Drivers/STM32F7xx_HAL_Driver/Src/stm32f7xx_hal.o
 .debug_macro   0x000240cc      0x100 Drivers/STM32F7xx_HAL_Driver/Src/stm32f7xx_hal.o
 .debug_macro   0x000241cc       0xe5 Drivers/STM32F7xx_HAL_Driver/Src/stm32f7xx_hal.o
 .debug_macro   0x000242b1       0xa1 Drivers/STM32F7xx_HAL_Driver/Src/stm32f7xx_hal.o
 .debug_macro   0x00024352       0x3c Drivers/STM32F7xx_HAL_Driver/Src/stm32f7xx_hal.o
 .debug_macro   0x0002438e      0x156 Drivers/STM32F7xx_HAL_Driver/Src/stm32f7xx_hal.o
 .debug_macro   0x000244e4      0x3de Drivers/STM32F7xx_HAL_Driver/Src/stm32f7xx_hal.o
 .debug_macro   0x000248c2       0x12 Drivers/STM32F7xx_HAL_Driver/Src/stm32f7xx_hal.o
 .debug_macro   0x000248d4      0x209 Drivers/STM32F7xx_HAL_Driver/Src/stm32f7xx_hal.o
 .debug_macro   0x00024add       0x61 Drivers/STM32F7xx_HAL_Driver/Src/stm32f7xx_hal.o
 .debug_macro   0x00024b3e       0x90 Drivers/STM32F7xx_HAL_Driver/Src/stm32f7xx_hal.o
 .debug_macro   0x00024bce      0x132 Drivers/STM32F7xx_HAL_Driver/Src/stm32f7xx_hal.o
 .debug_macro   0x00024d00      0x10c Drivers/STM32F7xx_HAL_Driver/Src/stm32f7xx_hal.o
 .debug_macro   0x00024e0c       0x35 Drivers/STM32F7xx_HAL_Driver/Src/stm32f7xx_hal.o
 .debug_macro   0x00024e41      0x2e2 Drivers/STM32F7xx_HAL_Driver/Src/stm32f7xx_hal.o
 .debug_macro   0x00025123      0x65b Drivers/STM32F7xx_HAL_Driver/Src/stm32f7xx_hal.o
 .debug_macro   0x0002577e      0x2aa Drivers/STM32F7xx_HAL_Driver/Src/stm32f7xx_hal.o
 .debug_macro   0x00025a28      0x169 Drivers/STM32F7xx_HAL_Driver/Src/stm32f7xx_hal.o
 .debug_macro   0x00025b91      0x4e8 Drivers/STM32F7xx_HAL_Driver/Src/stm32f7xx_hal.o
 .debug_macro   0x00026079       0x47 Drivers/STM32F7xx_HAL_Driver/Src/stm32f7xx_hal.o
 .debug_macro   0x000260c0      0x16c Drivers/STM32F7xx_HAL_Driver/Src/stm32f7xx_hal.o
 .debug_macro   0x0002622c      0x37a Drivers/STM32F7xx_HAL_Driver/Src/stm32f7xx_hal_adc.o
 .debug_macro   0x000265a6      0x379 Drivers/STM32F7xx_HAL_Driver/Src/stm32f7xx_hal_cortex.o
 .debug_macro   0x0002691f      0x37a Drivers/STM32F7xx_HAL_Driver/Src/stm32f7xx_hal_dac.o
 .debug_macro   0x00026c99      0x3b1 Drivers/STM32F7xx_HAL_Driver/Src/stm32f7xx_hal_gpio.o
 .debug_macro   0x0002704a      0x391 Drivers/STM32F7xx_HAL_Driver/Src/stm32f7xx_hal_pwr_ex.o
 .debug_macro   0x000273db      0x39d Drivers/STM32F7xx_HAL_Driver/Src/stm32f7xx_hal_rcc.o
 .debug_macro   0x00027778      0x379 Drivers/STM32F7xx_HAL_Driver/Src/stm32f7xx_hal_rcc_ex.o
 .debug_macro   0x00027af1      0x381 Drivers/STM32F7xx_HAL_Driver/Src/stm32f7xx_hal_spi.o
 .debug_macro   0x00027e72      0x37a Drivers/STM32F7xx_HAL_Driver/Src/stm32f7xx_hal_tim.o
 .debug_macro   0x000281ec      0x385 Drivers/STM32F7xx_HAL_Driver/Src/stm32f7xx_hal_tim_ex.o
 .debug_macro   0x00028571      0x381 Drivers/STM32F7xx_HAL_Driver/Src/stm32f7xx_hal_uart.o
 .debug_macro   0x000288f2      0x3c0 Src/main.o
 .debug_macro   0x00028cb2       0xe8 Src/main.o
 .debug_macro   0x00028d9a      0x379 Src/stm32f7xx_hal_msp.o
 .debug_macro   0x00029113      0x383 Src/stm32f7xx_it.o
 .debug_macro   0x00029496      0x37f Src/system_stm32f7xx.o

.debug_line     0x00000000     0xdd75
 .debug_line    0x00000000      0xa92 Drivers/STM32F7xx_HAL_Driver/Src/stm32f7xx_hal.o
 .debug_line    0x00000a92      0xe2b Drivers/STM32F7xx_HAL_Driver/Src/stm32f7xx_hal_adc.o
 .debug_line    0x000018bd      0xae5 Drivers/STM32F7xx_HAL_Driver/Src/stm32f7xx_hal_cortex.o
 .debug_line    0x000023a2      0xb5d Drivers/STM32F7xx_HAL_Driver/Src/stm32f7xx_hal_dac.o
 .debug_line    0x00002eff      0xa8d Drivers/STM32F7xx_HAL_Driver/Src/stm32f7xx_hal_gpio.o
 .debug_line    0x0000398c      0xa09 Drivers/STM32F7xx_HAL_Driver/Src/stm32f7xx_hal_pwr_ex.o
 .debug_line    0x00004395      0xc53 Drivers/STM32F7xx_HAL_Driver/Src/stm32f7xx_hal_rcc.o
 .debug_line    0x00004fe8      0xaf6 Drivers/STM32F7xx_HAL_Driver/Src/stm32f7xx_hal_rcc_ex.o
 .debug_line    0x00005ade     0x1465 Drivers/STM32F7xx_HAL_Driver/Src/stm32f7xx_hal_spi.o
 .debug_line    0x00006f43     0x1d0a Drivers/STM32F7xx_HAL_Driver/Src/stm32f7xx_hal_tim.o
 .debug_line    0x00008c4d     0x10fe Drivers/STM32F7xx_HAL_Driver/Src/stm32f7xx_hal_tim_ex.o
 .debug_line    0x00009d4b     0x1372 Drivers/STM32F7xx_HAL_Driver/Src/stm32f7xx_hal_uart.o
 .debug_line    0x0000b0bd     0x10d0 Src/main.o
 .debug_line    0x0000c18d      0xa5f Src/stm32f7xx_hal_msp.o
 .debug_line    0x0000cbec      0x90c Src/stm32f7xx_it.o
 .debug_line    0x0000d4f8      0x87d Src/system_stm32f7xx.o

.debug_str      0x00000000    0xfd6da
 .debug_str     0x00000000    0xf85fa Drivers/STM32F7xx_HAL_Driver/Src/stm32f7xx_hal.o
                              0xf8a2d (size before relaxing)
 .debug_str     0x000f85fa      0x693 Drivers/STM32F7xx_HAL_Driver/Src/stm32f7xx_hal_adc.o
                              0xf84bd (size before relaxing)
 .debug_str     0x000f8c8d      0x466 Drivers/STM32F7xx_HAL_Driver/Src/stm32f7xx_hal_cortex.o
                              0xf89d0 (size before relaxing)
 .debug_str     0x000f90f3      0x347 Drivers/STM32F7xx_HAL_Driver/Src/stm32f7xx_hal_dac.o
                              0xf835a (size before relaxing)
 .debug_str     0x000f943a      0x2b8 Drivers/STM32F7xx_HAL_Driver/Src/stm32f7xx_hal_gpio.o
                              0xf81b2 (size before relaxing)
 .debug_str     0x000f96f2      0x1f3 Drivers/STM32F7xx_HAL_Driver/Src/stm32f7xx_hal_pwr_ex.o
                              0xf826e (size before relaxing)
 .debug_str     0x000f98e5      0x3a3 Drivers/STM32F7xx_HAL_Driver/Src/stm32f7xx_hal_rcc.o
                              0xf832c (size before relaxing)
 .debug_str     0x000f9c88      0x3b9 Drivers/STM32F7xx_HAL_Driver/Src/stm32f7xx_hal_rcc_ex.o
                              0xf82d1 (size before relaxing)
 .debug_str     0x000fa041      0x73b Drivers/STM32F7xx_HAL_Driver/Src/stm32f7xx_hal_spi.o
                              0xf8787 (size before relaxing)
 .debug_str     0x000fa77c      0xe7f Drivers/STM32F7xx_HAL_Driver/Src/stm32f7xx_hal_tim.o
                              0xf8f73 (size before relaxing)
 .debug_str     0x000fb5fb      0x646 Drivers/STM32F7xx_HAL_Driver/Src/stm32f7xx_hal_tim_ex.o
                              0xf8ae2 (size before relaxing)
 .debug_str     0x000fbc41      0x7cb Drivers/STM32F7xx_HAL_Driver/Src/stm32f7xx_hal_uart.o
                              0xf8a20 (size before relaxing)
 .debug_str     0x000fc40c     0x1122 Src/main.o
                              0xfa9da (size before relaxing)
 .debug_str     0x000fd52e       0x32 Src/stm32f7xx_hal_msp.o
                              0xf9187 (size before relaxing)
 .debug_str     0x000fd560      0x120 Src/stm32f7xx_it.o
                              0xf7ea6 (size before relaxing)
 .debug_str     0x000fd680       0x5a Src/system_stm32f7xx.o
                              0xf7fd7 (size before relaxing)

.comment        0x00000000       0x7f
 .comment       0x00000000       0x7f Drivers/STM32F7xx_HAL_Driver/Src/stm32f7xx_hal.o
                                 0x80 (size before relaxing)
 .comment       0x0000007f       0x80 Drivers/STM32F7xx_HAL_Driver/Src/stm32f7xx_hal_adc.o
 .comment       0x0000007f       0x80 Drivers/STM32F7xx_HAL_Driver/Src/stm32f7xx_hal_cortex.o
 .comment       0x0000007f       0x80 Drivers/STM32F7xx_HAL_Driver/Src/stm32f7xx_hal_dac.o
 .comment       0x0000007f       0x80 Drivers/STM32F7xx_HAL_Driver/Src/stm32f7xx_hal_gpio.o
 .comment       0x0000007f       0x80 Drivers/STM32F7xx_HAL_Driver/Src/stm32f7xx_hal_pwr_ex.o
 .comment       0x0000007f       0x80 Drivers/STM32F7xx_HAL_Driver/Src/stm32f7xx_hal_rcc.o
 .comment       0x0000007f       0x80 Drivers/STM32F7xx_HAL_Driver/Src/stm32f7xx_hal_rcc_ex.o
 .comment       0x0000007f       0x80 Drivers/STM32F7xx_HAL_Driver/Src/stm32f7xx_hal_spi.o
 .comment       0x0000007f       0x80 Drivers/STM32F7xx_HAL_Driver/Src/stm32f7xx_hal_tim.o
 .comment       0x0000007f       0x80 Drivers/STM32F7xx_HAL_Driver/Src/stm32f7xx_hal_tim_ex.o
 .comment       0x0000007f       0x80 Drivers/STM32F7xx_HAL_Driver/Src/stm32f7xx_hal_uart.o
 .comment       0x0000007f       0x80 Src/main.o
 .comment       0x0000007f       0x80 Src/stm32f7xx_hal_msp.o
 .comment       0x0000007f       0x80 Src/stm32f7xx_it.o
 .comment       0x0000007f       0x80 Src/system_stm32f7xx.o

.debug_frame    0x00000000     0x331c
 .debug_frame   0x00000000      0x230 Drivers/STM32F7xx_HAL_Driver/Src/stm32f7xx_hal.o
 .debug_frame   0x00000230      0x2d0 Drivers/STM32F7xx_HAL_Driver/Src/stm32f7xx_hal_adc.o
 .debug_frame   0x00000500      0x184 Drivers/STM32F7xx_HAL_Driver/Src/stm32f7xx_hal_cortex.o
 .debug_frame   0x00000684      0x200 Drivers/STM32F7xx_HAL_Driver/Src/stm32f7xx_hal_dac.o
 .debug_frame   0x00000884       0xd8 Drivers/STM32F7xx_HAL_Driver/Src/stm32f7xx_hal_gpio.o
 .debug_frame   0x0000095c      0x15c Drivers/STM32F7xx_HAL_Driver/Src/stm32f7xx_hal_pwr_ex.o
 .debug_frame   0x00000ab8      0x198 Drivers/STM32F7xx_HAL_Driver/Src/stm32f7xx_hal_rcc.o
 .debug_frame   0x00000c50       0xd4 Drivers/STM32F7xx_HAL_Driver/Src/stm32f7xx_hal_rcc_ex.o
 .debug_frame   0x00000d24      0x6e4 Drivers/STM32F7xx_HAL_Driver/Src/stm32f7xx_hal_spi.o
 .debug_frame   0x00001408      0x9a4 Drivers/STM32F7xx_HAL_Driver/Src/stm32f7xx_hal_tim.o
 .debug_frame   0x00001dac      0x4a4 Drivers/STM32F7xx_HAL_Driver/Src/stm32f7xx_hal_tim_ex.o
 .debug_frame   0x00002250      0x4f0 Drivers/STM32F7xx_HAL_Driver/Src/stm32f7xx_hal_uart.o
 .debug_frame   0x00002740      0x52c Src/main.o
 .debug_frame   0x00002c6c      0x188 Src/stm32f7xx_hal_msp.o
 .debug_frame   0x00002df4      0x118 Src/stm32f7xx_it.o
 .debug_frame   0x00002f0c       0x40 Src/system_stm32f7xx.o
 .debug_frame   0x00002f4c       0x2c c:/systemworkbench/plugins/fr.ac6.mcu.externaltools.arm-none.win32_1.17.0.201812190825/tools/compiler/bin/../lib/gcc/arm-none-eabi/7.3.1/thumb/v7e-m/fpv5/hard\libgcc.a(_aeabi_uldivmod.o)
 .debug_frame   0x00002f78       0x34 c:/systemworkbench/plugins/fr.ac6.mcu.externaltools.arm-none.win32_1.17.0.201812190825/tools/compiler/bin/../lib/gcc/arm-none-eabi/7.3.1/thumb/v7e-m/fpv5/hard\libgcc.a(_udivmoddi4.o)
 .debug_frame   0x00002fac       0x2c c:/systemworkbench/plugins/fr.ac6.mcu.externaltools.arm-none.win32_1.17.0.201812190825/tools/compiler/bin/../lib/gcc/arm-none-eabi/7.3.1/../../../../arm-none-eabi/lib/thumb/v7e-m/fpv5/hard\libc_nano.a(lib_a-init.o)
 .debug_frame   0x00002fd8       0x28 c:/systemworkbench/plugins/fr.ac6.mcu.externaltools.arm-none.win32_1.17.0.201812190825/tools/compiler/bin/../lib/gcc/arm-none-eabi/7.3.1/../../../../arm-none-eabi/lib/thumb/v7e-m/fpv5/hard\libc_nano.a(lib_a-memcpy-stub.o)
 .debug_frame   0x00003000       0x28 c:/systemworkbench/plugins/fr.ac6.mcu.externaltools.arm-none.win32_1.17.0.201812190825/tools/compiler/bin/../lib/gcc/arm-none-eabi/7.3.1/../../../../arm-none-eabi/lib/thumb/v7e-m/fpv5/hard\libc_nano.a(lib_a-memmove.o)
 .debug_frame   0x00003028       0x6c c:/systemworkbench/plugins/fr.ac6.mcu.externaltools.arm-none.win32_1.17.0.201812190825/tools/compiler/bin/../lib/gcc/arm-none-eabi/7.3.1/../../../../arm-none-eabi/lib/thumb/v7e-m/fpv5/hard\libc_nano.a(lib_a-sprintf.o)
 .debug_frame   0x00003094       0x90 c:/systemworkbench/plugins/fr.ac6.mcu.externaltools.arm-none.win32_1.17.0.201812190825/tools/compiler/bin/../lib/gcc/arm-none-eabi/7.3.1/../../../../arm-none-eabi/lib/thumb/v7e-m/fpv5/hard\libc_nano.a(lib_a-nano-svfprintf.o)
 .debug_frame   0x00003124       0x60 c:/systemworkbench/plugins/fr.ac6.mcu.externaltools.arm-none.win32_1.17.0.201812190825/tools/compiler/bin/../lib/gcc/arm-none-eabi/7.3.1/../../../../arm-none-eabi/lib/thumb/v7e-m/fpv5/hard\libc_nano.a(lib_a-nano-vfprintf_i.o)
 .debug_frame   0x00003184       0x38 c:/systemworkbench/plugins/fr.ac6.mcu.externaltools.arm-none.win32_1.17.0.201812190825/tools/compiler/bin/../lib/gcc/arm-none-eabi/7.3.1/../../../../arm-none-eabi/lib/thumb/v7e-m/fpv5/hard\libc_nano.a(lib_a-nano-freer.o)
 .debug_frame   0x000031bc       0x2c c:/systemworkbench/plugins/fr.ac6.mcu.externaltools.arm-none.win32_1.17.0.201812190825/tools/compiler/bin/../lib/gcc/arm-none-eabi/7.3.1/../../../../arm-none-eabi/lib/thumb/v7e-m/fpv5/hard\libc_nano.a(lib_a-nano-mallocr.o)
 .debug_frame   0x000031e8       0x3c c:/systemworkbench/plugins/fr.ac6.mcu.externaltools.arm-none.win32_1.17.0.201812190825/tools/compiler/bin/../lib/gcc/arm-none-eabi/7.3.1/../../../../arm-none-eabi/lib/thumb/v7e-m/fpv5/hard\libc_nano.a(lib_a-nano-reallocr.o)
 .debug_frame   0x00003224       0x2c c:/systemworkbench/plugins/fr.ac6.mcu.externaltools.arm-none.win32_1.17.0.201812190825/tools/compiler/bin/../lib/gcc/arm-none-eabi/7.3.1/../../../../arm-none-eabi/lib/thumb/v7e-m/fpv5/hard\libc_nano.a(lib_a-sbrkr.o)
 .debug_frame   0x00003250       0x30 c:/systemworkbench/plugins/fr.ac6.mcu.externaltools.arm-none.win32_1.17.0.201812190825/tools/compiler/bin/../lib/gcc/arm-none-eabi/7.3.1/../../../../arm-none-eabi/lib/thumb/v7e-m/fpv5/hard\libc_nano.a(lib_a-mlock.o)
 .debug_frame   0x00003280       0x20 c:/systemworkbench/plugins/fr.ac6.mcu.externaltools.arm-none.win32_1.17.0.201812190825/tools/compiler/bin/../lib/gcc/arm-none-eabi/7.3.1/../../../../arm-none-eabi/lib/thumb/v7e-m/fpv5/hard\libc_nano.a(lib_a-nano-msizer.o)
 .debug_frame   0x000032a0       0x5c c:/systemworkbench/plugins/fr.ac6.mcu.externaltools.arm-none.win32_1.17.0.201812190825/tools/compiler/bin/../lib/gcc/arm-none-eabi/7.3.1/../../../../arm-none-eabi/lib/thumb/v7e-m/fpv5/hard\libc_nano.a(lib_a-reent.o)
 .debug_frame   0x000032fc       0x20 c:/systemworkbench/plugins/fr.ac6.mcu.externaltools.arm-none.win32_1.17.0.201812190825/tools/compiler/bin/../lib/gcc/arm-none-eabi/7.3.1/../../../../arm-none-eabi/lib/thumb/v7e-m/fpv5/hard\libnosys.a(sbrk.o)
