Archive member included to satisfy reference by file (symbol)

c:/systemworkbench/plugins/fr.ac6.mcu.externaltools.arm-none.win32_1.17.0.201812190825/tools/compiler/bin/../lib/gcc/arm-none-eabi/7.3.1/thumb/v7e-m/fpv5/hard\libgcc.a(_aeabi_ldivmod.o)
                              Drivers/STM32F7xx_HAL_Driver/Src/stm32f7xx_hal_rcc.o (__aeabi_ldivmod)
c:/systemworkbench/plugins/fr.ac6.mcu.externaltools.arm-none.win32_1.17.0.201812190825/tools/compiler/bin/../lib/gcc/arm-none-eabi/7.3.1/thumb/v7e-m/fpv5/hard\libgcc.a(_aeabi_uldivmod.o)
                              Drivers/STM32F7xx_HAL_Driver/Src/stm32f7xx_hal_rcc.o (__aeabi_uldivmod)
c:/systemworkbench/plugins/fr.ac6.mcu.externaltools.arm-none.win32_1.17.0.201812190825/tools/compiler/bin/../lib/gcc/arm-none-eabi/7.3.1/thumb/v7e-m/fpv5/hard\libgcc.a(_udivmoddi4.o)
                              c:/systemworkbench/plugins/fr.ac6.mcu.externaltools.arm-none.win32_1.17.0.201812190825/tools/compiler/bin/../lib/gcc/arm-none-eabi/7.3.1/thumb/v7e-m/fpv5/hard\libgcc.a(_aeabi_ldivmod.o) (__udivmoddi4)
c:/systemworkbench/plugins/fr.ac6.mcu.externaltools.arm-none.win32_1.17.0.201812190825/tools/compiler/bin/../lib/gcc/arm-none-eabi/7.3.1/thumb/v7e-m/fpv5/hard\libgcc.a(_dvmd_tls.o)
                              c:/systemworkbench/plugins/fr.ac6.mcu.externaltools.arm-none.win32_1.17.0.201812190825/tools/compiler/bin/../lib/gcc/arm-none-eabi/7.3.1/thumb/v7e-m/fpv5/hard\libgcc.a(_aeabi_ldivmod.o) (__aeabi_ldiv0)
c:/systemworkbench/plugins/fr.ac6.mcu.externaltools.arm-none.win32_1.17.0.201812190825/tools/compiler/bin/../lib/gcc/arm-none-eabi/7.3.1/../../../../arm-none-eabi/lib/thumb/v7e-m/fpv5/hard\libc_nano.a(lib_a-exit.o)
                              c:/systemworkbench/plugins/fr.ac6.mcu.externaltools.arm-none.win32_1.17.0.201812190825/tools/compiler/bin/../lib/gcc/arm-none-eabi/7.3.1/../../../../arm-none-eabi/lib/thumb/v7e-m/fpv5/hard/crt0.o (exit)
c:/systemworkbench/plugins/fr.ac6.mcu.externaltools.arm-none.win32_1.17.0.201812190825/tools/compiler/bin/../lib/gcc/arm-none-eabi/7.3.1/../../../../arm-none-eabi/lib/thumb/v7e-m/fpv5/hard\libc_nano.a(lib_a-impure.o)
                              c:/systemworkbench/plugins/fr.ac6.mcu.externaltools.arm-none.win32_1.17.0.201812190825/tools/compiler/bin/../lib/gcc/arm-none-eabi/7.3.1/../../../../arm-none-eabi/lib/thumb/v7e-m/fpv5/hard\libc_nano.a(lib_a-exit.o) (_global_impure_ptr)
c:/systemworkbench/plugins/fr.ac6.mcu.externaltools.arm-none.win32_1.17.0.201812190825/tools/compiler/bin/../lib/gcc/arm-none-eabi/7.3.1/../../../../arm-none-eabi/lib/thumb/v7e-m/fpv5/hard\libc_nano.a(lib_a-init.o)
                              c:/systemworkbench/plugins/fr.ac6.mcu.externaltools.arm-none.win32_1.17.0.201812190825/tools/compiler/bin/../lib/gcc/arm-none-eabi/7.3.1/../../../../arm-none-eabi/lib/thumb/v7e-m/fpv5/hard/crt0.o (__libc_init_array)
c:/systemworkbench/plugins/fr.ac6.mcu.externaltools.arm-none.win32_1.17.0.201812190825/tools/compiler/bin/../lib/gcc/arm-none-eabi/7.3.1/../../../../arm-none-eabi/lib/thumb/v7e-m/fpv5/hard\libc_nano.a(lib_a-memset.o)
                              c:/systemworkbench/plugins/fr.ac6.mcu.externaltools.arm-none.win32_1.17.0.201812190825/tools/compiler/bin/../lib/gcc/arm-none-eabi/7.3.1/../../../../arm-none-eabi/lib/thumb/v7e-m/fpv5/hard/crt0.o (memset)
c:/systemworkbench/plugins/fr.ac6.mcu.externaltools.arm-none.win32_1.17.0.201812190825/tools/compiler/bin/../lib/gcc/arm-none-eabi/7.3.1/../../../../arm-none-eabi/lib/thumb/v7e-m/fpv5/hard\libnosys.a(_exit.o)
                              c:/systemworkbench/plugins/fr.ac6.mcu.externaltools.arm-none.win32_1.17.0.201812190825/tools/compiler/bin/../lib/gcc/arm-none-eabi/7.3.1/../../../../arm-none-eabi/lib/thumb/v7e-m/fpv5/hard\libc_nano.a(lib_a-exit.o) (_exit)

Allocating common symbols
Common symbol       size              file

hspi2               0x64              Src/main.o
htim4               0x40              Src/main.o
uwTick              0x4               Drivers/STM32F7xx_HAL_Driver/Src/stm32f7xx_hal.o
pFlash              0x1c              Drivers/STM32F7xx_HAL_Driver/Src/stm32f7xx_hal_flash.o
htim3               0x40              Src/main.o
rcv_buff            0x61              Src/main.o
RX_ints             0x8               Src/main.o
hadc1               0x48              Src/main.o
huart1              0x70              Src/main.o
hdac                0x14              Src/main.o
hspi1               0x64              Src/main.o

Discarded input sections

 .text          0x00000000        0x0 c:/systemworkbench/plugins/fr.ac6.mcu.externaltools.arm-none.win32_1.17.0.201812190825/tools/compiler/bin/../lib/gcc/arm-none-eabi/7.3.1/thumb/v7e-m/fpv5/hard/crti.o
 .data          0x00000000        0x0 c:/systemworkbench/plugins/fr.ac6.mcu.externaltools.arm-none.win32_1.17.0.201812190825/tools/compiler/bin/../lib/gcc/arm-none-eabi/7.3.1/thumb/v7e-m/fpv5/hard/crti.o
[...]
Memory Configuration

Name             Origin             Length             Attributes
RAM              0x20000000         0x00080000         xrw
FLASH            0x08000000         0x00200000         xr
*default*        0x00000000         0xffffffff

Linker script and memory map

LOAD c:/systemworkbench/plugins/fr.ac6.mcu.externaltools.arm-none.win32_1.17.0.201812190825/tools/compiler/bin/../lib/gcc/arm-none-eabi/7.3.1/thumb/v7e-m/fpv5/hard/crti.o
LOAD c:/systemworkbench/plugins/fr.ac6.mcu.externaltools.arm-none.win32_1.17.0.201812190825/tools/compiler/bin/../lib/gcc/arm-none-eabi/7.3.1/thumb/v7e-m/fpv5/hard/crtbegin.o
LOAD c:/systemworkbench/plugins/fr.ac6.mcu.externaltools.arm-none.win32_1.17.0.201812190825/tools/compiler/bin/../lib/gcc/arm-none-eabi/7.3.1/../../../../arm-none-eabi/lib/thumb/v7e-m/fpv5/hard/crt0.o
LOAD Drivers/STM32F7xx_HAL_Driver/Src/stm32f7xx_hal.o
LOAD Drivers/STM32F7xx_HAL_Driver/Src/stm32f7xx_hal_adc.o
LOAD Drivers/STM32F7xx_HAL_Driver/Src/stm32f7xx_hal_adc_ex.o
LOAD Drivers/STM32F7xx_HAL_Driver/Src/stm32f7xx_hal_cortex.o
LOAD Drivers/STM32F7xx_HAL_Driver/Src/stm32f7xx_hal_dac.o
LOAD Drivers/STM32F7xx_HAL_Driver/Src/stm32f7xx_hal_dac_ex.o
LOAD Drivers/STM32F7xx_HAL_Driver/Src/stm32f7xx_hal_dma.o
LOAD Drivers/STM32F7xx_HAL_Driver/Src/stm32f7xx_hal_dma_ex.o
LOAD Drivers/STM32F7xx_HAL_Driver/Src/stm32f7xx_hal_flash.o
LOAD Drivers/STM32F7xx_HAL_Driver/Src/stm32f7xx_hal_flash_ex.o
LOAD Drivers/STM32F7xx_HAL_Driver/Src/stm32f7xx_hal_gpio.o
LOAD Drivers/STM32F7xx_HAL_Driver/Src/stm32f7xx_hal_i2c.o
LOAD Drivers/STM32F7xx_HAL_Driver/Src/stm32f7xx_hal_i2c_ex.o
LOAD Drivers/STM32F7xx_HAL_Driver/Src/stm32f7xx_hal_pwr.o
LOAD Drivers/STM32F7xx_HAL_Driver/Src/stm32f7xx_hal_pwr_ex.o
LOAD Drivers/STM32F7xx_HAL_Driver/Src/stm32f7xx_hal_rcc.o
LOAD Drivers/STM32F7xx_HAL_Driver/Src/stm32f7xx_hal_rcc_ex.o
LOAD Drivers/STM32F7xx_HAL_Driver/Src/stm32f7xx_hal_spi.o
LOAD Drivers/STM32F7xx_HAL_Driver/Src/stm32f7xx_hal_tim.o
LOAD Drivers/STM32F7xx_HAL_Driver/Src/stm32f7xx_hal_tim_ex.o
LOAD Drivers/STM32F7xx_HAL_Driver/Src/stm32f7xx_hal_uart.o
LOAD Src/main.o
LOAD Src/stm32f7xx_hal_msp.o
LOAD Src/stm32f7xx_it.o
LOAD Src/system_stm32f7xx.o
LOAD startup/startup_stm32f777xx.o
LOAD c:/systemworkbench/plugins/fr.ac6.mcu.externaltools.arm-none.win32_1.17.0.201812190825/tools/compiler/bin/../lib/gcc/arm-none-eabi/7.3.1/../../../../arm-none-eabi/lib/thumb/v7e-m/fpv5/hard\libm.a
START GROUP
LOAD c:/systemworkbench/plugins/fr.ac6.mcu.externaltools.arm-none.win32_1.17.0.201812190825/tools/compiler/bin/../lib/gcc/arm-none-eabi/7.3.1/thumb/v7e-m/fpv5/hard\libgcc.a
LOAD c:/systemworkbench/plugins/fr.ac6.mcu.externaltools.arm-none.win32_1.17.0.201812190825/tools/compiler/bin/../lib/gcc/arm-none-eabi/7.3.1/../../../../arm-none-eabi/lib/thumb/v7e-m/fpv5/hard\libc_nano.a
END GROUP
START GROUP
LOAD c:/systemworkbench/plugins/fr.ac6.mcu.externaltools.arm-none.win32_1.17.0.201812190825/tools/compiler/bin/../lib/gcc/arm-none-eabi/7.3.1/thumb/v7e-m/fpv5/hard\libgcc.a
LOAD c:/systemworkbench/plugins/fr.ac6.mcu.externaltools.arm-none.win32_1.17.0.201812190825/tools/compiler/bin/../lib/gcc/arm-none-eabi/7.3.1/../../../../arm-none-eabi/lib/thumb/v7e-m/fpv5/hard\libc_nano.a
LOAD c:/systemworkbench/plugins/fr.ac6.mcu.externaltools.arm-none.win32_1.17.0.201812190825/tools/compiler/bin/../lib/gcc/arm-none-eabi/7.3.1/../../../../arm-none-eabi/lib/thumb/v7e-m/fpv5/hard\libnosys.a
END GROUP
START GROUP
LOAD c:/systemworkbench/plugins/fr.ac6.mcu.externaltools.arm-none.win32_1.17.0.201812190825/tools/compiler/bin/../lib/gcc/arm-none-eabi/7.3.1/thumb/v7e-m/fpv5/hard\libgcc.a
LOAD c:/systemworkbench/plugins/fr.ac6.mcu.externaltools.arm-none.win32_1.17.0.201812190825/tools/compiler/bin/../lib/gcc/arm-none-eabi/7.3.1/../../../../arm-none-eabi/lib/thumb/v7e-m/fpv5/hard\libc_nano.a
LOAD c:/systemworkbench/plugins/fr.ac6.mcu.externaltools.arm-none.win32_1.17.0.201812190825/tools/compiler/bin/../lib/gcc/arm-none-eabi/7.3.1/../../../../arm-none-eabi/lib/thumb/v7e-m/fpv5/hard\libnosys.a
END GROUP
LOAD c:/systemworkbench/plugins/fr.ac6.mcu.externaltools.arm-none.win32_1.17.0.201812190825/tools/compiler/bin/../lib/gcc/arm-none-eabi/7.3.1/thumb/v7e-m/fpv5/hard/crtend.o
LOAD c:/systemworkbench/plugins/fr.ac6.mcu.externaltools.arm-none.win32_1.17.0.201812190825/tools/compiler/bin/../lib/gcc/arm-none-eabi/7.3.1/thumb/v7e-m/fpv5/hard/crtn.o
                0x20080000                _estack = 0x20080000
                0x00000200                _Min_Heap_Size = 0x200
                0x00000400                _Min_Stack_Size = 0x400

.isr_vector     0x08000000      0x1f8
                0x08000000                . = ALIGN (0x4)
 *(.isr_vector)
 .isr_vector    0x08000000      0x1f8 startup/startup_stm32f777xx.o
                0x08000000                g_pfnVectors
                0x080001f8                . = ALIGN (0x4)

.text           0x080001f8     0x361c
                0x080001f8                . = ALIGN (0x4)
 *(.text)
 .text          0x080001f8       0x40 c:/systemworkbench/plugins/fr.ac6.mcu.externaltools.arm-none.win32_1.17.0.201812190825/tools/compiler/bin/../lib/gcc/arm-none-eabi/7.3.1/thumb/v7e-m/fpv5/hard/crtbegin.o
 .text          0x08000238       0x30 c:/systemworkbench/plugins/fr.ac6.mcu.externaltools.arm-none.win32_1.17.0.201812190825/tools/compiler/bin/../lib/gcc/arm-none-eabi/7.3.1/thumb/v7e-m/fpv5/hard\libgcc.a(_aeabi_uldivmod.o)
                0x08000238                __aeabi_uldivmod
 .text          0x08000268      0x2cc c:/systemworkbench/plugins/fr.ac6.mcu.externaltools.arm-none.win32_1.17.0.201812190825/tools/compiler/bin/../lib/gcc/arm-none-eabi/7.3.1/thumb/v7e-m/fpv5/hard\libgcc.a(_udivmoddi4.o)
                0x08000268                __udivmoddi4
 .text          0x08000534        0x4 c:/systemworkbench/plugins/fr.ac6.mcu.externaltools.arm-none.win32_1.17.0.201812190825/tools/compiler/bin/../lib/gcc/arm-none-eabi/7.3.1/thumb/v7e-m/fpv5/hard\libgcc.a(_dvmd_tls.o)
                0x08000534                __aeabi_idiv0
                0x08000534                __aeabi_ldiv0
 *(.text*)
 .text.HAL_InitTick
                0x08000538       0x40 Drivers/STM32F7xx_HAL_Driver/Src/stm32f7xx_hal.o
                0x08000538                HAL_InitTick
 .text.HAL_Init
                0x08000578       0x18 Drivers/STM32F7xx_HAL_Driver/Src/stm32f7xx_hal.o
                0x08000578                HAL_Init
 .text.HAL_IncTick
                0x08000590       0x18 Drivers/STM32F7xx_HAL_Driver/Src/stm32f7xx_hal.o
                0x08000590                HAL_IncTick
 .text.HAL_GetTick
                0x080005a8        0xc Drivers/STM32F7xx_HAL_Driver/Src/stm32f7xx_hal.o
                0x080005a8                HAL_GetTick
 .text.HAL_Delay
                0x080005b4       0x24 Drivers/STM32F7xx_HAL_Driver/Src/stm32f7xx_hal.o
                0x080005b4                HAL_Delay
 .text.HAL_ADC_Init
                0x080005d8      0x168 Drivers/STM32F7xx_HAL_Driver/Src/stm32f7xx_hal_adc.o
                0x080005d8                HAL_ADC_Init
 .text.HAL_ADC_ConfigChannel
                0x08000740      0x168 Drivers/STM32F7xx_HAL_Driver/Src/stm32f7xx_hal_adc.o
                0x08000740                HAL_ADC_ConfigChannel
 .text.HAL_NVIC_SetPriorityGrouping
                0x080008a8       0x28 Drivers/STM32F7xx_HAL_Driver/Src/stm32f7xx_hal_cortex.o
                0x080008a8                HAL_NVIC_SetPriorityGrouping
 .text.HAL_NVIC_SetPriority
                0x080008d0       0x6c Drivers/STM32F7xx_HAL_Driver/Src/stm32f7xx_hal_cortex.o
                0x080008d0                HAL_NVIC_SetPriority
 .text.HAL_NVIC_EnableIRQ
                0x0800093c       0x18 Drivers/STM32F7xx_HAL_Driver/Src/stm32f7xx_hal_cortex.o
                0x0800093c                HAL_NVIC_EnableIRQ
 .text.HAL_SYSTICK_Config
                0x08000954       0x30 Drivers/STM32F7xx_HAL_Driver/Src/stm32f7xx_hal_cortex.o
                0x08000954                HAL_SYSTICK_Config
 .text.HAL_SYSTICK_CLKSourceConfig
                0x08000984       0x18 Drivers/STM32F7xx_HAL_Driver/Src/stm32f7xx_hal_cortex.o
                0x08000984                HAL_SYSTICK_CLKSourceConfig
 .text.HAL_SYSTICK_Callback
                0x0800099c        0x4 Drivers/STM32F7xx_HAL_Driver/Src/stm32f7xx_hal_cortex.o
                0x0800099c                HAL_SYSTICK_Callback
 .text.HAL_SYSTICK_IRQHandler
                0x080009a0        0x8 Drivers/STM32F7xx_HAL_Driver/Src/stm32f7xx_hal_cortex.o
                0x080009a0                HAL_SYSTICK_IRQHandler
 .text.HAL_DAC_Init
                0x080009a8       0x2c Drivers/STM32F7xx_HAL_Driver/Src/stm32f7xx_hal_dac.o
                0x080009a8                HAL_DAC_Init
 .text.HAL_DAC_ConfigChannel
                0x080009d4       0x48 Drivers/STM32F7xx_HAL_Driver/Src/stm32f7xx_hal_dac.o
                0x080009d4                HAL_DAC_ConfigChannel
 .text.HAL_GPIO_Init
                0x08000a1c      0x23c Drivers/STM32F7xx_HAL_Driver/Src/stm32f7xx_hal_gpio.o
                0x08000a1c                HAL_GPIO_Init
 .text.HAL_GPIO_WritePin
                0x08000c58        0x8 Drivers/STM32F7xx_HAL_Driver/Src/stm32f7xx_hal_gpio.o
                0x08000c58                HAL_GPIO_WritePin
 .text.HAL_GPIO_TogglePin
                0x08000c60        0x8 Drivers/STM32F7xx_HAL_Driver/Src/stm32f7xx_hal_gpio.o
                0x08000c60                HAL_GPIO_TogglePin
 .text.HAL_GPIO_EXTI_IRQHandler
                0x08000c68       0x18 Drivers/STM32F7xx_HAL_Driver/Src/stm32f7xx_hal_gpio.o
                0x08000c68                HAL_GPIO_EXTI_IRQHandler
 .text.HAL_PWREx_EnableOverDrive
                0x08000c80       0x78 Drivers/STM32F7xx_HAL_Driver/Src/stm32f7xx_hal_pwr_ex.o
                0x08000c80                HAL_PWREx_EnableOverDrive
 .text.HAL_RCC_GetSysClockFreq.part.0
                0x08000cf8       0x40 Drivers/STM32F7xx_HAL_Driver/Src/stm32f7xx_hal_rcc.o
 .text.HAL_RCC_OscConfig
                0x08000d38      0x39c Drivers/STM32F7xx_HAL_Driver/Src/stm32f7xx_hal_rcc.o
                0x08000d38                HAL_RCC_OscConfig
 .text.HAL_RCC_ClockConfig
                0x080010d4      0x150 Drivers/STM32F7xx_HAL_Driver/Src/stm32f7xx_hal_rcc.o
                0x080010d4                HAL_RCC_ClockConfig
 .text.HAL_RCC_GetSysClockFreq
                0x08001224       0x1c Drivers/STM32F7xx_HAL_Driver/Src/stm32f7xx_hal_rcc.o
                0x08001224                HAL_RCC_GetSysClockFreq
 .text.HAL_RCC_GetHCLKFreq
                0x08001240        0xc Drivers/STM32F7xx_HAL_Driver/Src/stm32f7xx_hal_rcc.o
                0x08001240                HAL_RCC_GetHCLKFreq
 .text.HAL_RCC_GetPCLK1Freq
                0x0800124c       0x20 Drivers/STM32F7xx_HAL_Driver/Src/stm32f7xx_hal_rcc.o
                0x0800124c                HAL_RCC_GetPCLK1Freq
 .text.HAL_RCC_GetPCLK2Freq
                0x0800126c       0x20 Drivers/STM32F7xx_HAL_Driver/Src/stm32f7xx_hal_rcc.o
                0x0800126c                HAL_RCC_GetPCLK2Freq
 .text.HAL_RCCEx_PeriphCLKConfig
                0x0800128c      0x588 Drivers/STM32F7xx_HAL_Driver/Src/stm32f7xx_hal_rcc_ex.o
                0x0800128c                HAL_RCCEx_PeriphCLKConfig
 .text.SPI_WaitFlagStateUntilTimeout.part.0
                0x08001814       0x58 Drivers/STM32F7xx_HAL_Driver/Src/stm32f7xx_hal_spi.o
 .text.SPI_WaitFlagStateUntilTimeout.constprop.9
                0x0800186c       0x30 Drivers/STM32F7xx_HAL_Driver/Src/stm32f7xx_hal_spi.o
 .text.SPI_WaitFifoStateUntilTimeout.constprop.10
                0x0800189c       0x50 Drivers/STM32F7xx_HAL_Driver/Src/stm32f7xx_hal_spi.o
 .text.SPI_EndRxTransaction
                0x080018ec       0x74 Drivers/STM32F7xx_HAL_Driver/Src/stm32f7xx_hal_spi.o
 .text.SPI_EndRxTxTransaction
                0x08001960       0x40 Drivers/STM32F7xx_HAL_Driver/Src/stm32f7xx_hal_spi.o
 .text.HAL_SPI_TransmitReceive.part.4
                0x080019a0      0x264 Drivers/STM32F7xx_HAL_Driver/Src/stm32f7xx_hal_spi.o
 .text.HAL_SPI_Init
                0x08001c04       0xc4 Drivers/STM32F7xx_HAL_Driver/Src/stm32f7xx_hal_spi.o
                0x08001c04                HAL_SPI_Init
 .text.HAL_SPI_Transmit
                0x08001cc8      0x15c Drivers/STM32F7xx_HAL_Driver/Src/stm32f7xx_hal_spi.o
                0x08001cc8                HAL_SPI_Transmit
 .text.HAL_SPI_Receive
                0x08001e24      0x170 Drivers/STM32F7xx_HAL_Driver/Src/stm32f7xx_hal_spi.o
                0x08001e24                HAL_SPI_Receive
 .text.HAL_TIM_PWM_MspInit
                0x08001f94        0x4 Drivers/STM32F7xx_HAL_Driver/Src/stm32f7xx_hal_tim.o
                0x08001f94                HAL_TIM_PWM_MspInit
 .text.HAL_TIM_ConfigClockSource
                0x08001f98      0x194 Drivers/STM32F7xx_HAL_Driver/Src/stm32f7xx_hal_tim.o
                0x08001f98                HAL_TIM_ConfigClockSource
 .text.TIM_Base_SetConfig
                0x0800212c       0xe0 Drivers/STM32F7xx_HAL_Driver/Src/stm32f7xx_hal_tim.o
                0x0800212c                TIM_Base_SetConfig
 .text.HAL_TIM_Base_Init
                0x0800220c       0x38 Drivers/STM32F7xx_HAL_Driver/Src/stm32f7xx_hal_tim.o
                0x0800220c                HAL_TIM_Base_Init
 .text.HAL_TIM_PWM_Init
                0x08002244       0x38 Drivers/STM32F7xx_HAL_Driver/Src/stm32f7xx_hal_tim.o
                0x08002244                HAL_TIM_PWM_Init
 .text.HAL_TIM_Encoder_Init
                0x0800227c       0xac Drivers/STM32F7xx_HAL_Driver/Src/stm32f7xx_hal_tim.o
                0x0800227c                HAL_TIM_Encoder_Init
 .text.TIM_OC1_SetConfig
                0x08002328       0x60 Drivers/STM32F7xx_HAL_Driver/Src/stm32f7xx_hal_tim.o
                0x08002328                TIM_OC1_SetConfig
 .text.TIM_OC2_SetConfig
                0x08002388       0x68 Drivers/STM32F7xx_HAL_Driver/Src/stm32f7xx_hal_tim.o
                0x08002388                TIM_OC2_SetConfig
 .text.TIM_OC3_SetConfig
                0x080023f0       0x68 Drivers/STM32F7xx_HAL_Driver/Src/stm32f7xx_hal_tim.o
                0x080023f0                TIM_OC3_SetConfig
 .text.TIM_OC4_SetConfig
                0x08002458       0x54 Drivers/STM32F7xx_HAL_Driver/Src/stm32f7xx_hal_tim.o
                0x08002458                TIM_OC4_SetConfig
 .text.TIM_OC5_SetConfig
                0x080024ac       0x54 Drivers/STM32F7xx_HAL_Driver/Src/stm32f7xx_hal_tim_ex.o
 .text.TIM_OC6_SetConfig
                0x08002500       0x54 Drivers/STM32F7xx_HAL_Driver/Src/stm32f7xx_hal_tim_ex.o
 .text.HAL_TIMEx_MasterConfigSynchronization
                0x08002554       0x58 Drivers/STM32F7xx_HAL_Driver/Src/stm32f7xx_hal_tim_ex.o
                0x08002554                HAL_TIMEx_MasterConfigSynchronization
 .text.HAL_TIM_PWM_ConfigChannel
                0x080025ac      0x12c Drivers/STM32F7xx_HAL_Driver/Src/stm32f7xx_hal_tim_ex.o
                0x080025ac                HAL_TIM_PWM_ConfigChannel
 .text.UART_WaitOnFlagUntilTimeout
                0x080026d8       0x64 Drivers/STM32F7xx_HAL_Driver/Src/stm32f7xx_hal_uart.o
                0x080026d8                UART_WaitOnFlagUntilTimeout
 .text.UART_SetConfig
                0x0800273c      0x2c4 Drivers/STM32F7xx_HAL_Driver/Src/stm32f7xx_hal_uart.o
                0x0800273c                UART_SetConfig
 .text.UART_AdvFeatureConfig
                0x08002a00       0xb0 Drivers/STM32F7xx_HAL_Driver/Src/stm32f7xx_hal_uart.o
                0x08002a00                UART_AdvFeatureConfig
 .text.UART_CheckIdleState
                0x08002ab0       0x4c Drivers/STM32F7xx_HAL_Driver/Src/stm32f7xx_hal_uart.o
                0x08002ab0                UART_CheckIdleState
 .text.HAL_UART_Init
                0x08002afc       0x6c Drivers/STM32F7xx_HAL_Driver/Src/stm32f7xx_hal_uart.o
                0x08002afc                HAL_UART_Init
 .text.RX_WaitForCTS
                0x08002b68       0x58 Src/main.o
                0x08002b68                RX_WaitForCTS
 .text.RX_Send  0x08002bc0       0x38 Src/main.o
                0x08002bc0                RX_Send
 .text.RX_SetProp.constprop.2
                0x08002bf8       0x28 Src/main.o
 .text.RX_GetResponse
                0x08002c20       0x7c Src/main.o
                0x08002c20                RX_GetResponse
 .text.RX_ReadRxDataBuff
                0x08002c9c       0x50 Src/main.o
                0x08002c9c                RX_ReadRxDataBuff
 .text.RX_Reset
                0x08002cec       0x2c Src/main.o
                0x08002cec                RX_Reset
 .text.RX_Sleep
                0x08002d18       0x48 Src/main.o
                0x08002d18                RX_Sleep
 .text.RX_StartRx
                0x08002d60       0x4c Src/main.o
                0x08002d60                RX_StartRx
 .text.RX_GetInfo
                0x08002dac       0x24 Src/main.o
                0x08002dac                RX_GetInfo
 .text.HAL_GPIO_EXTI_Callback
                0x08002dd0       0x7c Src/main.o
                0x08002dd0                HAL_GPIO_EXTI_Callback
 .text.SystemClock_Config
                0x08002e4c       0xc4 Src/main.o
                0x08002e4c                SystemClock_Config
 .text.startup.main
                0x08002f10      0x4e8 Src/main.o
                0x08002f10                main
 .text.HAL_MspInit
                0x080033f8       0x90 Src/stm32f7xx_hal_msp.o
                0x080033f8                HAL_MspInit
 .text.HAL_ADC_MspInit
                0x08003488       0x44 Src/stm32f7xx_hal_msp.o
                0x08003488                HAL_ADC_MspInit
 .text.HAL_DAC_MspInit
                0x080034cc       0x44 Src/stm32f7xx_hal_msp.o
                0x080034cc                HAL_DAC_MspInit
 .text.HAL_SPI_MspInit
                0x08003510       0x94 Src/stm32f7xx_hal_msp.o
                0x08003510                HAL_SPI_MspInit
 .text.HAL_TIM_Encoder_MspInit
                0x080035a4       0x44 Src/stm32f7xx_hal_msp.o
                0x080035a4                HAL_TIM_Encoder_MspInit
 .text.HAL_TIM_Base_MspInit
                0x080035e8       0x2c Src/stm32f7xx_hal_msp.o
                0x080035e8                HAL_TIM_Base_MspInit
 .text.HAL_TIM_MspPostInit
                0x08003614       0x34 Src/stm32f7xx_hal_msp.o
                0x08003614                HAL_TIM_MspPostInit
 .text.HAL_UART_MspInit
                0x08003648       0x50 Src/stm32f7xx_hal_msp.o
                0x08003648                HAL_UART_MspInit
 .text.NMI_Handler
                0x08003698        0x4 Src/stm32f7xx_it.o
                0x08003698                NMI_Handler
 .text.HardFault_Handler
                0x0800369c        0x4 Src/stm32f7xx_it.o
                0x0800369c                HardFault_Handler
 .text.MemManage_Handler
                0x080036a0        0x4 Src/stm32f7xx_it.o
                0x080036a0                MemManage_Handler
 .text.BusFault_Handler
                0x080036a4        0x4 Src/stm32f7xx_it.o
                0x080036a4                BusFault_Handler
 .text.UsageFault_Handler
                0x080036a8        0x4 Src/stm32f7xx_it.o
                0x080036a8                UsageFault_Handler
 .text.SVC_Handler
                0x080036ac        0x4 Src/stm32f7xx_it.o
                0x080036ac                SVC_Handler
 .text.DebugMon_Handler
                0x080036b0        0x4 Src/stm32f7xx_it.o
                0x080036b0                DebugMon_Handler
 .text.PendSV_Handler
                0x080036b4        0x4 Src/stm32f7xx_it.o
                0x080036b4                PendSV_Handler
 .text.SysTick_Handler
                0x080036b8       0x10 Src/stm32f7xx_it.o
                0x080036b8                SysTick_Handler
 .text.EXTI0_IRQHandler
                0x080036c8        0x8 Src/stm32f7xx_it.o
                0x080036c8                EXTI0_IRQHandler
 .text.EXTI1_IRQHandler
                0x080036d0        0x8 Src/stm32f7xx_it.o
                0x080036d0                EXTI1_IRQHandler
 .text.EXTI2_IRQHandler
                0x080036d8        0x8 Src/stm32f7xx_it.o
                0x080036d8                EXTI2_IRQHandler
 .text.EXTI3_IRQHandler
                0x080036e0        0x8 Src/stm32f7xx_it.o
                0x080036e0                EXTI3_IRQHandler
 .text.EXTI4_IRQHandler
                0x080036e8        0x8 Src/stm32f7xx_it.o
                0x080036e8                EXTI4_IRQHandler
 .text.EXTI9_5_IRQHandler
                0x080036f0       0x20 Src/stm32f7xx_it.o
                0x080036f0                EXTI9_5_IRQHandler
 .text.SystemInit
                0x08003710       0x50 Src/system_stm32f7xx.o
                0x08003710                SystemInit
 .text.Reset_Handler
                0x08003760       0x50 startup/startup_stm32f777xx.o
                0x08003760                Reset_Handler
 .text.Default_Handler
                0x080037b0        0x2 startup/startup_stm32f777xx.o
                0x080037b0                RTC_Alarm_IRQHandler
                0x080037b0                HASH_RNG_IRQHandler
                0x080037b0                TIM8_CC_IRQHandler
                0x080037b0                UART8_IRQHandler
                0x080037b0                SPI4_IRQHandler
                0x080037b0                TIM1_CC_IRQHandler
                0x080037b0                DMA2_Stream5_IRQHandler
                0x080037b0                JPEG_IRQHandler
                0x080037b0                DMA1_Stream5_IRQHandler
                0x080037b0                CAN3_RX1_IRQHandler
                0x080037b0                PVD_IRQHandler
                0x080037b0                TAMP_STAMP_IRQHandler
                0x080037b0                CAN2_RX1_IRQHandler
                0x080037b0                TIM8_TRG_COM_TIM14_IRQHandler
                0x080037b0                DFSDM1_FLT1_IRQHandler
                0x080037b0                TIM1_UP_TIM10_IRQHandler
                0x080037b0                TIM8_UP_TIM13_IRQHandler
                0x080037b0                I2C3_ER_IRQHandler
                0x080037b0                DFSDM1_FLT2_IRQHandler
                0x080037b0                I2C2_EV_IRQHandler
                0x080037b0                DMA1_Stream2_IRQHandler
                0x080037b0                CAN1_RX0_IRQHandler
                0x080037b0                FPU_IRQHandler
                0x080037b0                OTG_HS_WKUP_IRQHandler
                0x080037b0                CAN3_SCE_IRQHandler
                0x080037b0                LTDC_ER_IRQHandler
                0x080037b0                CAN2_SCE_IRQHandler
                0x080037b0                DMA2_Stream2_IRQHandler
                0x080037b0                SPI1_IRQHandler
                0x080037b0                TIM6_DAC_IRQHandler
                0x080037b0                TIM1_BRK_TIM9_IRQHandler
                0x080037b0                DCMI_IRQHandler
                0x080037b0                CAN2_RX0_IRQHandler
                0x080037b0                DMA2_Stream3_IRQHandler
                0x080037b0                SAI2_IRQHandler
                0x080037b0                DFSDM1_FLT3_IRQHandler
                0x080037b0                USART6_IRQHandler
                0x080037b0                CAN3_RX0_IRQHandler
                0x080037b0                USART3_IRQHandler
                0x080037b0                CRYP_IRQHandler
                0x080037b0                CAN1_RX1_IRQHandler
                0x080037b0                UART5_IRQHandler
                0x080037b0                DMA2_Stream0_IRQHandler
                0x080037b0                TIM4_IRQHandler
                0x080037b0                QUADSPI_IRQHandler
                0x080037b0                I2C1_EV_IRQHandler
                0x080037b0                DMA1_Stream6_IRQHandler
                0x080037b0                DMA1_Stream1_IRQHandler
                0x080037b0                UART4_IRQHandler
                0x080037b0                TIM3_IRQHandler
                0x080037b0                RCC_IRQHandler
                0x080037b0                TIM8_BRK_TIM12_IRQHandler
                0x080037b0                Default_Handler
                0x080037b0                CEC_IRQHandler
                0x080037b0                EXTI15_10_IRQHandler
                0x080037b0                ADC_IRQHandler
                0x080037b0                DMA1_Stream7_IRQHandler
                0x080037b0                SPI5_IRQHandler
                0x080037b0                TIM7_IRQHandler
                0x080037b0                SDMMC1_IRQHandler
                0x080037b0                CAN2_TX_IRQHandler
                0x080037b0                TIM5_IRQHandler
                0x080037b0                DMA2_Stream7_IRQHandler
                0x080037b0                I2C3_EV_IRQHandler
                0x080037b0                RTC_WKUP_IRQHandler
                0x080037b0                LTDC_IRQHandler
                0x080037b0                ETH_WKUP_IRQHandler
                0x080037b0                SPDIF_RX_IRQHandler
                0x080037b0                SPI2_IRQHandler
                0x080037b0                OTG_HS_EP1_IN_IRQHandler
                0x080037b0                DMA1_Stream0_IRQHandler
                0x080037b0                CAN1_TX_IRQHandler
                0x080037b0                ETH_IRQHandler
                0x080037b0                OTG_HS_EP1_OUT_IRQHandler
                0x080037b0                WWDG_IRQHandler
                0x080037b0                SPI6_IRQHandler
                0x080037b0                MDIOS_IRQHandler
                0x080037b0                I2C4_EV_IRQHandler
                0x080037b0                CAN3_TX_IRQHandler
                0x080037b0                TIM2_IRQHandler
                0x080037b0                OTG_FS_WKUP_IRQHandler
                0x080037b0                TIM1_TRG_COM_TIM11_IRQHandler
                0x080037b0                OTG_HS_IRQHandler
                0x080037b0                DMA2D_IRQHandler
                0x080037b0                SDMMC2_IRQHandler
                0x080037b0                UART7_IRQHandler
                0x080037b0                USART2_IRQHandler
                0x080037b0                DFSDM1_FLT0_IRQHandler
                0x080037b0                I2C2_ER_IRQHandler
                0x080037b0                DMA2_Stream1_IRQHandler
                0x080037b0                CAN1_SCE_IRQHandler
                0x080037b0                FLASH_IRQHandler
                0x080037b0                DMA2_Stream4_IRQHandler
                0x080037b0                USART1_IRQHandler
                0x080037b0                OTG_FS_IRQHandler
                0x080037b0                SPI3_IRQHandler
                0x080037b0                DMA1_Stream4_IRQHandler
                0x080037b0                I2C1_ER_IRQHandler
                0x080037b0                FMC_IRQHandler
                0x080037b0                LPTIM1_IRQHandler
                0x080037b0                I2C4_ER_IRQHandler
                0x080037b0                DMA2_Stream6_IRQHandler
                0x080037b0                SAI1_IRQHandler
                0x080037b0                DMA1_Stream3_IRQHandler
 *fill*         0x080037b2        0x2 
 .text.__libc_init_array
                0x080037b4       0x48 c:/systemworkbench/plugins/fr.ac6.mcu.externaltools.arm-none.win32_1.17.0.201812190825/tools/compiler/bin/../lib/gcc/arm-none-eabi/7.3.1/../../../../arm-none-eabi/lib/thumb/v7e-m/fpv5/hard\libc_nano.a(lib_a-init.o)
                0x080037b4                __libc_init_array
 *(.glue_7)
 .glue_7        0x080037fc        0x0 linker stubs
 *(.glue_7t)
 .glue_7t       0x080037fc        0x0 linker stubs
 *(.eh_frame)
 .eh_frame      0x080037fc        0x0 c:/systemworkbench/plugins/fr.ac6.mcu.externaltools.arm-none.win32_1.17.0.201812190825/tools/compiler/bin/../lib/gcc/arm-none-eabi/7.3.1/thumb/v7e-m/fpv5/hard/crtbegin.o
 *(.init)
 .init          0x080037fc        0x4 c:/systemworkbench/plugins/fr.ac6.mcu.externaltools.arm-none.win32_1.17.0.201812190825/tools/compiler/bin/../lib/gcc/arm-none-eabi/7.3.1/thumb/v7e-m/fpv5/hard/crti.o
                0x080037fc                _init
 .init          0x08003800        0x8 c:/systemworkbench/plugins/fr.ac6.mcu.externaltools.arm-none.win32_1.17.0.201812190825/tools/compiler/bin/../lib/gcc/arm-none-eabi/7.3.1/thumb/v7e-m/fpv5/hard/crtn.o
 *(.fini)
 .fini          0x08003808        0x4 c:/systemworkbench/plugins/fr.ac6.mcu.externaltools.arm-none.win32_1.17.0.201812190825/tools/compiler/bin/../lib/gcc/arm-none-eabi/7.3.1/thumb/v7e-m/fpv5/hard/crti.o
                0x08003808                _fini
 .fini          0x0800380c        0x8 c:/systemworkbench/plugins/fr.ac6.mcu.externaltools.arm-none.win32_1.17.0.201812190825/tools/compiler/bin/../lib/gcc/arm-none-eabi/7.3.1/thumb/v7e-m/fpv5/hard/crtn.o
                0x08003814                . = ALIGN (0x4)
                0x08003814                _etext = .

.vfp11_veneer   0x08003814        0x0
 .vfp11_veneer  0x08003814        0x0 linker stubs

.v4_bx          0x08003814        0x0
 .v4_bx         0x08003814        0x0 linker stubs

.iplt           0x08003814        0x0
 .iplt          0x08003814        0x0 c:/systemworkbench/plugins/fr.ac6.mcu.externaltools.arm-none.win32_1.17.0.201812190825/tools/compiler/bin/../lib/gcc/arm-none-eabi/7.3.1/thumb/v7e-m/fpv5/hard/crtbegin.o

.rodata         0x08003814      0x1b0
                0x08003814                . = ALIGN (0x4)
 *(.rodata)
 .rodata        0x08003814       0x11 Drivers/STM32F7xx_HAL_Driver/Src/stm32f7xx_hal_uart.o
 *fill*         0x08003825        0x3 
 .rodata        0x08003828      0x183 Src/main.o
                0x08003828                config
 *fill*         0x080039ab        0x1 
 .rodata        0x080039ac       0x18 Src/system_stm32f7xx.o
                0x080039ac                AHBPrescTable
                0x080039bc                APBPrescTable
 *(.rodata*)
                0x080039c4                . = ALIGN (0x4)

.ARM.extab
 *(.ARM.extab* .gnu.linkonce.armextab.*)

.ARM            0x080039c4        0x8
                0x080039c4                __exidx_start = .
 *(.ARM.exidx*)
 .ARM.exidx     0x080039c4        0x8 c:/systemworkbench/plugins/fr.ac6.mcu.externaltools.arm-none.win32_1.17.0.201812190825/tools/compiler/bin/../lib/gcc/arm-none-eabi/7.3.1/thumb/v7e-m/fpv5/hard\libgcc.a(_udivmoddi4.o)
                0x080039cc                __exidx_end = .

.rel.dyn        0x080039cc        0x0
 .rel.iplt      0x080039cc        0x0 c:/systemworkbench/plugins/fr.ac6.mcu.externaltools.arm-none.win32_1.17.0.201812190825/tools/compiler/bin/../lib/gcc/arm-none-eabi/7.3.1/thumb/v7e-m/fpv5/hard/crtbegin.o

.preinit_array  0x080039cc        0x0
                0x080039cc                PROVIDE (__preinit_array_start = .)
 *(.preinit_array*)
                0x080039cc                PROVIDE (__preinit_array_end = .)

.init_array     0x080039cc        0x4
                0x080039cc                PROVIDE (__init_array_start = .)
 *(SORT_BY_NAME(.init_array.*))
 *(.init_array*)
 .init_array    0x080039cc        0x4 c:/systemworkbench/plugins/fr.ac6.mcu.externaltools.arm-none.win32_1.17.0.201812190825/tools/compiler/bin/../lib/gcc/arm-none-eabi/7.3.1/thumb/v7e-m/fpv5/hard/crtbegin.o
                0x080039d0                PROVIDE (__init_array_end = .)

.fini_array     0x080039d0        0x4
                [!provide]                PROVIDE (__fini_array_start = .)
 *(SORT_BY_NAME(.fini_array.*))
 *(.fini_array*)
 .fini_array    0x080039d0        0x4 c:/systemworkbench/plugins/fr.ac6.mcu.externaltools.arm-none.win32_1.17.0.201812190825/tools/compiler/bin/../lib/gcc/arm-none-eabi/7.3.1/thumb/v7e-m/fpv5/hard/crtbegin.o
                [!provide]                PROVIDE (__fini_array_end = .)
                0x080039d4                _sidata = LOADADDR (.data)

.data           0x20000000        0xc load address 0x080039d4
                0x20000000                . = ALIGN (0x4)
                0x20000000                _sdata = .
 *(.data)
 .data          0x20000000        0x8 Drivers/STM32F7xx_HAL_Driver/Src/stm32f7xx_hal.o
                0x20000000                uwTickFreq
                0x20000004                uwTickPrio
 .data          0x20000008        0x4 Src/system_stm32f7xx.o
                0x20000008                SystemCoreClock
 *(.data*)
                0x2000000c                . = ALIGN (0x4)
                0x2000000c                _edata = .

.igot.plt       0x2000000c        0x0 load address 0x080039e0
 .igot.plt      0x2000000c        0x0 c:/systemworkbench/plugins/fr.ac6.mcu.externaltools.arm-none.win32_1.17.0.201812190825/tools/compiler/bin/../lib/gcc/arm-none-eabi/7.3.1/thumb/v7e-m/fpv5/hard/crtbegin.o
                0x2000000c                . = ALIGN (0x4)

.bss            0x2000000c      0x2a4 load address 0x080039e0
                0x2000000c                _sbss = .
                0x2000000c                __bss_start__ = _sbss
 *(.bss)
 .bss           0x2000000c       0x1c c:/systemworkbench/plugins/fr.ac6.mcu.externaltools.arm-none.win32_1.17.0.201812190825/tools/compiler/bin/../lib/gcc/arm-none-eabi/7.3.1/thumb/v7e-m/fpv5/hard/crtbegin.o
 .bss           0x20000028        0x1 Src/main.o
                0x20000028                r_initd
 *(.bss*)
 *(COMMON)
 *fill*         0x20000029        0x3 
 COMMON         0x2000002c        0x4 Drivers/STM32F7xx_HAL_Driver/Src/stm32f7xx_hal.o
                0x2000002c                uwTick
 COMMON         0x20000030      0x280 Src/main.o
                0x20000030                hspi2
                0x20000094                htim4
                0x200000d4                htim3
                0x20000114                rcv_buff
                0x20000178                RX_ints
                0x20000180                hadc1
                0x200001c8                huart1
                0x20000238                hdac
                0x2000024c                hspi1
                0x200002b0                . = ALIGN (0x4)
                0x200002b0                _ebss = .
                0x200002b0                __bss_end__ = _ebss

._user_heap_stack
                0x200002b0      0x600 load address 0x080039e0
                0x200002b0                . = ALIGN (0x8)
                [!provide]                PROVIDE (end = .)
                [!provide]                PROVIDE (_end = .)
                0x200004b0                . = (. + _Min_Heap_Size)
 *fill*         0x200002b0      0x200 
                0x200008b0                . = (. + _Min_Stack_Size)
 *fill*         0x200004b0      0x400 
                0x200008b0                . = ALIGN (0x8)

/DISCARD/
 libc.a(*)
 libm.a(*)
 libgcc.a(*)

.ARM.attributes
                0x00000000       0x2e
 *(.ARM.attributes)
 .ARM.attributes
                0x00000000       0x20 c:/systemworkbench/plugins/fr.ac6.mcu.externaltools.arm-none.win32_1.17.0.201812190825/tools/compiler/bin/../lib/gcc/arm-none-eabi/7.3.1/thumb/v7e-m/fpv5/hard/crti.o
 .ARM.attributes
                0x00000020       0x32 c:/systemworkbench/plugins/fr.ac6.mcu.externaltools.arm-none.win32_1.17.0.201812190825/tools/compiler/bin/../lib/gcc/arm-none-eabi/7.3.1/thumb/v7e-m/fpv5/hard/crtbegin.o
 .ARM.attributes
                0x00000052       0x37 Drivers/STM32F7xx_HAL_Driver/Src/stm32f7xx_hal.o
 .ARM.attributes
                0x00000089       0x37 Drivers/STM32F7xx_HAL_Driver/Src/stm32f7xx_hal_adc.o
 .ARM.attributes
                0x000000c0       0x37 Drivers/STM32F7xx_HAL_Driver/Src/stm32f7xx_hal_cortex.o
 .ARM.attributes
                0x000000f7       0x37 Drivers/STM32F7xx_HAL_Driver/Src/stm32f7xx_hal_dac.o
 .ARM.attributes
                0x0000012e       0x37 Drivers/STM32F7xx_HAL_Driver/Src/stm32f7xx_hal_gpio.o
 .ARM.attributes
                0x00000165       0x37 Drivers/STM32F7xx_HAL_Driver/Src/stm32f7xx_hal_pwr_ex.o
 .ARM.attributes
                0x0000019c       0x37 Drivers/STM32F7xx_HAL_Driver/Src/stm32f7xx_hal_rcc.o
 .ARM.attributes
                0x000001d3       0x37 Drivers/STM32F7xx_HAL_Driver/Src/stm32f7xx_hal_rcc_ex.o
 .ARM.attributes
                0x0000020a       0x37 Drivers/STM32F7xx_HAL_Driver/Src/stm32f7xx_hal_spi.o
 .ARM.attributes
                0x00000241       0x37 Drivers/STM32F7xx_HAL_Driver/Src/stm32f7xx_hal_tim.o
 .ARM.attributes
                0x00000278       0x37 Drivers/STM32F7xx_HAL_Driver/Src/stm32f7xx_hal_tim_ex.o
 .ARM.attributes
                0x000002af       0x37 Drivers/STM32F7xx_HAL_Driver/Src/stm32f7xx_hal_uart.o
 .ARM.attributes
                0x000002e6       0x37 Src/main.o
 .ARM.attributes
                0x0000031d       0x37 Src/stm32f7xx_hal_msp.o
 .ARM.attributes
                0x00000354       0x37 Src/stm32f7xx_it.o
 .ARM.attributes
                0x0000038b       0x37 Src/system_stm32f7xx.o
 .ARM.attributes
                0x000003c2       0x21 startup/startup_stm32f777xx.o
 .ARM.attributes
                0x000003e3       0x20 c:/systemworkbench/plugins/fr.ac6.mcu.externaltools.arm-none.win32_1.17.0.201812190825/tools/compiler/bin/../lib/gcc/arm-none-eabi/7.3.1/thumb/v7e-m/fpv5/hard\libgcc.a(_aeabi_uldivmod.o)
 .ARM.attributes
                0x00000403       0x32 c:/systemworkbench/plugins/fr.ac6.mcu.externaltools.arm-none.win32_1.17.0.201812190825/tools/compiler/bin/../lib/gcc/arm-none-eabi/7.3.1/thumb/v7e-m/fpv5/hard\libgcc.a(_udivmoddi4.o)
 .ARM.attributes
                0x00000435       0x20 c:/systemworkbench/plugins/fr.ac6.mcu.externaltools.arm-none.win32_1.17.0.201812190825/tools/compiler/bin/../lib/gcc/arm-none-eabi/7.3.1/thumb/v7e-m/fpv5/hard\libgcc.a(_dvmd_tls.o)
 .ARM.attributes
                0x00000455       0x32 c:/systemworkbench/plugins/fr.ac6.mcu.externaltools.arm-none.win32_1.17.0.201812190825/tools/compiler/bin/../lib/gcc/arm-none-eabi/7.3.1/../../../../arm-none-eabi/lib/thumb/v7e-m/fpv5/hard\libc_nano.a(lib_a-init.o)
 .ARM.attributes
                0x00000487       0x20 c:/systemworkbench/plugins/fr.ac6.mcu.externaltools.arm-none.win32_1.17.0.201812190825/tools/compiler/bin/../lib/gcc/arm-none-eabi/7.3.1/thumb/v7e-m/fpv5/hard/crtn.o
OUTPUT(M17_Repeater.elf elf32-littlearm)

.debug_info     0x00000000    0x1bc04
 .debug_info    0x00000000     0x131c Drivers/STM32F7xx_HAL_Driver/Src/stm32f7xx_hal.o
 .debug_info    0x0000131c     0x1571 Drivers/STM32F7xx_HAL_Driver/Src/stm32f7xx_hal_adc.o
 .debug_info    0x0000288d     0x19b9 Drivers/STM32F7xx_HAL_Driver/Src/stm32f7xx_hal_cortex.o
 .debug_info    0x00004246     0x12be Drivers/STM32F7xx_HAL_Driver/Src/stm32f7xx_hal_dac.o
 .debug_info    0x00005504      0xfce Drivers/STM32F7xx_HAL_Driver/Src/stm32f7xx_hal_gpio.o
 .debug_info    0x000064d2     0x1237 Drivers/STM32F7xx_HAL_Driver/Src/stm32f7xx_hal_pwr_ex.o
 .debug_info    0x00007709     0x13fe Drivers/STM32F7xx_HAL_Driver/Src/stm32f7xx_hal_rcc.o
 .debug_info    0x00008b07     0x1099 Drivers/STM32F7xx_HAL_Driver/Src/stm32f7xx_hal_rcc_ex.o
 .debug_info    0x00009ba0     0x285d Drivers/STM32F7xx_HAL_Driver/Src/stm32f7xx_hal_spi.o
 .debug_info    0x0000c3fd     0x403a Drivers/STM32F7xx_HAL_Driver/Src/stm32f7xx_hal_tim.o
 .debug_info    0x00010437     0x1ff8 Drivers/STM32F7xx_HAL_Driver/Src/stm32f7xx_hal_tim_ex.o
 .debug_info    0x0001242f     0x20c3 Drivers/STM32F7xx_HAL_Driver/Src/stm32f7xx_hal_uart.o
 .debug_info    0x000144f2     0x3a6c Src/main.o
 .debug_info    0x00017f5e     0x226b Src/stm32f7xx_hal_msp.o
 .debug_info    0x0001a1c9      0xb29 Src/stm32f7xx_it.o
 .debug_info    0x0001acf2      0xf12 Src/system_stm32f7xx.o

.debug_abbrev   0x00000000     0x3529
 .debug_abbrev  0x00000000      0x338 Drivers/STM32F7xx_HAL_Driver/Src/stm32f7xx_hal.o
 .debug_abbrev  0x00000338      0x32b Drivers/STM32F7xx_HAL_Driver/Src/stm32f7xx_hal_adc.o
 .debug_abbrev  0x00000663      0x3c5 Drivers/STM32F7xx_HAL_Driver/Src/stm32f7xx_hal_cortex.o
 .debug_abbrev  0x00000a28      0x333 Drivers/STM32F7xx_HAL_Driver/Src/stm32f7xx_hal_dac.o
 .debug_abbrev  0x00000d5b      0x2b4 Drivers/STM32F7xx_HAL_Driver/Src/stm32f7xx_hal_gpio.o
 .debug_abbrev  0x0000100f      0x2d9 Drivers/STM32F7xx_HAL_Driver/Src/stm32f7xx_hal_pwr_ex.o
 .debug_abbrev  0x000012e8      0x3b8 Drivers/STM32F7xx_HAL_Driver/Src/stm32f7xx_hal_rcc.o
 .debug_abbrev  0x000016a0      0x29c Drivers/STM32F7xx_HAL_Driver/Src/stm32f7xx_hal_rcc_ex.o
 .debug_abbrev  0x0000193c      0x423 Drivers/STM32F7xx_HAL_Driver/Src/stm32f7xx_hal_spi.o
 .debug_abbrev  0x00001d5f      0x3d0 Drivers/STM32F7xx_HAL_Driver/Src/stm32f7xx_hal_tim.o
 .debug_abbrev  0x0000212f      0x39b Drivers/STM32F7xx_HAL_Driver/Src/stm32f7xx_hal_tim_ex.o
 .debug_abbrev  0x000024ca      0x425 Drivers/STM32F7xx_HAL_Driver/Src/stm32f7xx_hal_uart.o
 .debug_abbrev  0x000028ef      0x4d7 Src/main.o
 .debug_abbrev  0x00002dc6      0x2da Src/stm32f7xx_hal_msp.o
 .debug_abbrev  0x000030a0      0x277 Src/stm32f7xx_it.o
 .debug_abbrev  0x00003317      0x212 Src/system_stm32f7xx.o

.debug_loc      0x00000000     0xbdb0
 .debug_loc     0x00000000      0x10d Drivers/STM32F7xx_HAL_Driver/Src/stm32f7xx_hal.o
 .debug_loc     0x0000010d      0x7e9 Drivers/STM32F7xx_HAL_Driver/Src/stm32f7xx_hal_adc.o
 .debug_loc     0x000008f6      0x5a2 Drivers/STM32F7xx_HAL_Driver/Src/stm32f7xx_hal_cortex.o
 .debug_loc     0x00000e98      0x75e Drivers/STM32F7xx_HAL_Driver/Src/stm32f7xx_hal_dac.o
 .debug_loc     0x000015f6      0x4a0 Drivers/STM32F7xx_HAL_Driver/Src/stm32f7xx_hal_gpio.o
 .debug_loc     0x00001a96      0x257 Drivers/STM32F7xx_HAL_Driver/Src/stm32f7xx_hal_pwr_ex.o
 .debug_loc     0x00001ced      0x565 Drivers/STM32F7xx_HAL_Driver/Src/stm32f7xx_hal_rcc.o
 .debug_loc     0x00002252      0x6da Drivers/STM32F7xx_HAL_Driver/Src/stm32f7xx_hal_rcc_ex.o
 .debug_loc     0x0000292c     0x1d27 Drivers/STM32F7xx_HAL_Driver/Src/stm32f7xx_hal_spi.o
 .debug_loc     0x00004653     0x4296 Drivers/STM32F7xx_HAL_Driver/Src/stm32f7xx_hal_tim.o
 .debug_loc     0x000088e9     0x17c7 Drivers/STM32F7xx_HAL_Driver/Src/stm32f7xx_hal_tim_ex.o
 .debug_loc     0x0000a0b0     0x166e Drivers/STM32F7xx_HAL_Driver/Src/stm32f7xx_hal_uart.o
 .debug_loc     0x0000b71e      0x3d4 Src/main.o
 .debug_loc     0x0000baf2      0x19d Src/stm32f7xx_hal_msp.o
 .debug_loc     0x0000bc8f      0x121 Src/system_stm32f7xx.o

.debug_aranges  0x00000000      0xcd0
 .debug_aranges
                0x00000000      0x108 Drivers/STM32F7xx_HAL_Driver/Src/stm32f7xx_hal.o
 .debug_aranges
                0x00000108       0xb8 Drivers/STM32F7xx_HAL_Driver/Src/stm32f7xx_hal_adc.o
 .debug_aranges
                0x000001c0       0xa8 Drivers/STM32F7xx_HAL_Driver/Src/stm32f7xx_hal_cortex.o
 .debug_aranges
                0x00000268       0x98 Drivers/STM32F7xx_HAL_Driver/Src/stm32f7xx_hal_dac.o
 .debug_aranges
                0x00000300       0x58 Drivers/STM32F7xx_HAL_Driver/Src/stm32f7xx_hal_gpio.o
 .debug_aranges
                0x00000358       0x80 Drivers/STM32F7xx_HAL_Driver/Src/stm32f7xx_hal_pwr_ex.o
 .debug_aranges
                0x000003d8       0x90 Drivers/STM32F7xx_HAL_Driver/Src/stm32f7xx_hal_rcc.o
 .debug_aranges
                0x00000468       0x50 Drivers/STM32F7xx_HAL_Driver/Src/stm32f7xx_hal_rcc_ex.o
 .debug_aranges
                0x000004b8      0x1a0 Drivers/STM32F7xx_HAL_Driver/Src/stm32f7xx_hal_spi.o
 .debug_aranges
                0x00000658      0x250 Drivers/STM32F7xx_HAL_Driver/Src/stm32f7xx_hal_tim.o
 .debug_aranges
                0x000008a8      0x120 Drivers/STM32F7xx_HAL_Driver/Src/stm32f7xx_hal_tim_ex.o
 .debug_aranges
                0x000009c8      0x140 Drivers/STM32F7xx_HAL_Driver/Src/stm32f7xx_hal_uart.o
 .debug_aranges
                0x00000b08       0xa0 Src/main.o
 .debug_aranges
                0x00000ba8       0x88 Src/stm32f7xx_hal_msp.o
 .debug_aranges
                0x00000c30       0x78 Src/stm32f7xx_it.o
 .debug_aranges
                0x00000ca8       0x28 Src/system_stm32f7xx.o

.debug_ranges   0x00000000     0x1750
 .debug_ranges  0x00000000       0xf8 Drivers/STM32F7xx_HAL_Driver/Src/stm32f7xx_hal.o
 .debug_ranges  0x000000f8       0xe0 Drivers/STM32F7xx_HAL_Driver/Src/stm32f7xx_hal_adc.o
 .debug_ranges  0x000001d8      0x168 Drivers/STM32F7xx_HAL_Driver/Src/stm32f7xx_hal_cortex.o
 .debug_ranges  0x00000340       0x88 Drivers/STM32F7xx_HAL_Driver/Src/stm32f7xx_hal_dac.o
 .debug_ranges  0x000003c8       0x80 Drivers/STM32F7xx_HAL_Driver/Src/stm32f7xx_hal_gpio.o
 .debug_ranges  0x00000448      0x130 Drivers/STM32F7xx_HAL_Driver/Src/stm32f7xx_hal_pwr_ex.o
 .debug_ranges  0x00000578      0x130 Drivers/STM32F7xx_HAL_Driver/Src/stm32f7xx_hal_rcc.o
 .debug_ranges  0x000006a8       0x60 Drivers/STM32F7xx_HAL_Driver/Src/stm32f7xx_hal_rcc_ex.o
 .debug_ranges  0x00000708      0x2d0 Drivers/STM32F7xx_HAL_Driver/Src/stm32f7xx_hal_spi.o
 .debug_ranges  0x000009d8      0x5b0 Drivers/STM32F7xx_HAL_Driver/Src/stm32f7xx_hal_tim.o
 .debug_ranges  0x00000f88      0x230 Drivers/STM32F7xx_HAL_Driver/Src/stm32f7xx_hal_tim_ex.o
 .debug_ranges  0x000011b8      0x168 Drivers/STM32F7xx_HAL_Driver/Src/stm32f7xx_hal_uart.o
 .debug_ranges  0x00001320      0x1b0 Src/main.o
 .debug_ranges  0x000014d0      0x200 Src/stm32f7xx_hal_msp.o
 .debug_ranges  0x000016d0       0x68 Src/stm32f7xx_it.o
 .debug_ranges  0x00001738       0x18 Src/system_stm32f7xx.o

.debug_macro    0x00000000    0x29805
 .debug_macro   0x00000000      0x39d Drivers/STM32F7xx_HAL_Driver/Src/stm32f7xx_hal.o
 .debug_macro   0x0000039d      0xa6c Drivers/STM32F7xx_HAL_Driver/Src/stm32f7xx_hal.o
 .debug_macro   0x00000e09      0x296 Drivers/STM32F7xx_HAL_Driver/Src/stm32f7xx_hal.o
 .debug_macro   0x0000109f      0x191 Drivers/STM32F7xx_HAL_Driver/Src/stm32f7xx_hal.o
 .debug_macro   0x00001230       0x2e Drivers/STM32F7xx_HAL_Driver/Src/stm32f7xx_hal.o
 .debug_macro   0x0000125e       0x3b Drivers/STM32F7xx_HAL_Driver/Src/stm32f7xx_hal.o
 .debug_macro   0x00001299       0x22 Drivers/STM32F7xx_HAL_Driver/Src/stm32f7xx_hal.o
 .debug_macro   0x000012bb       0x8e Drivers/STM32F7xx_HAL_Driver/Src/stm32f7xx_hal.o
 .debug_macro   0x00001349       0x51 Drivers/STM32F7xx_HAL_Driver/Src/stm32f7xx_hal.o
 .debug_macro   0x0000139a       0xef Drivers/STM32F7xx_HAL_Driver/Src/stm32f7xx_hal.o
 .debug_macro   0x00001489       0x6a Drivers/STM32F7xx_HAL_Driver/Src/stm32f7xx_hal.o
 .debug_macro   0x000014f3      0x1df Drivers/STM32F7xx_HAL_Driver/Src/stm32f7xx_hal.o
 .debug_macro   0x000016d2       0x35 Drivers/STM32F7xx_HAL_Driver/Src/stm32f7xx_hal.o
 .debug_macro   0x00001707       0x50 Drivers/STM32F7xx_HAL_Driver/Src/stm32f7xx_hal.o
 .debug_macro   0x00001757     0x1114 Drivers/STM32F7xx_HAL_Driver/Src/stm32f7xx_hal.o
 .debug_macro   0x0000286b    0x1a55b Drivers/STM32F7xx_HAL_Driver/Src/stm32f7xx_hal.o
 .debug_macro   0x0001cdc6       0x43 Drivers/STM32F7xx_HAL_Driver/Src/stm32f7xx_hal.o
 .debug_macro   0x0001ce09     0x35cf Drivers/STM32F7xx_HAL_Driver/Src/stm32f7xx_hal.o
 .debug_macro   0x000203d8       0x5e Drivers/STM32F7xx_HAL_Driver/Src/stm32f7xx_hal.o
 .debug_macro   0x00020436       0x17 Drivers/STM32F7xx_HAL_Driver/Src/stm32f7xx_hal.o
 .debug_macro   0x0002044d       0x35 Drivers/STM32F7xx_HAL_Driver/Src/stm32f7xx_hal.o
 .debug_macro   0x00020482       0x34 Drivers/STM32F7xx_HAL_Driver/Src/stm32f7xx_hal.o
 .debug_macro   0x000204b6       0x16 Drivers/STM32F7xx_HAL_Driver/Src/stm32f7xx_hal.o
 .debug_macro   0x000204cc       0x97 Drivers/STM32F7xx_HAL_Driver/Src/stm32f7xx_hal.o
 .debug_macro   0x00020563      0x330 Drivers/STM32F7xx_HAL_Driver/Src/stm32f7xx_hal.o
 .debug_macro   0x00020893       0xfd Drivers/STM32F7xx_HAL_Driver/Src/stm32f7xx_hal.o
 .debug_macro   0x00020990       0x10 Drivers/STM32F7xx_HAL_Driver/Src/stm32f7xx_hal.o
 .debug_macro   0x000209a0       0x58 Drivers/STM32F7xx_HAL_Driver/Src/stm32f7xx_hal.o
 .debug_macro   0x000209f8       0x1f Drivers/STM32F7xx_HAL_Driver/Src/stm32f7xx_hal.o
 .debug_macro   0x00020a17       0x43 Drivers/STM32F7xx_HAL_Driver/Src/stm32f7xx_hal.o
 .debug_macro   0x00020a5a       0x20 Drivers/STM32F7xx_HAL_Driver/Src/stm32f7xx_hal.o
 .debug_macro   0x00020a7a      0x18e Drivers/STM32F7xx_HAL_Driver/Src/stm32f7xx_hal.o
 .debug_macro   0x00020c08       0x10 Drivers/STM32F7xx_HAL_Driver/Src/stm32f7xx_hal.o
 .debug_macro   0x00020c18       0x1c Drivers/STM32F7xx_HAL_Driver/Src/stm32f7xx_hal.o
 .debug_macro   0x00020c34       0x52 Drivers/STM32F7xx_HAL_Driver/Src/stm32f7xx_hal.o
 .debug_macro   0x00020c86       0x40 Drivers/STM32F7xx_HAL_Driver/Src/stm32f7xx_hal.o
 .debug_macro   0x00020cc6       0x10 Drivers/STM32F7xx_HAL_Driver/Src/stm32f7xx_hal.o
 .debug_macro   0x00020cd6       0x40 Drivers/STM32F7xx_HAL_Driver/Src/stm32f7xx_hal.o
 .debug_macro   0x00020d16       0xd7 Drivers/STM32F7xx_HAL_Driver/Src/stm32f7xx_hal.o
 .debug_macro   0x00020ded       0x1c Drivers/STM32F7xx_HAL_Driver/Src/stm32f7xx_hal.o
 .debug_macro   0x00020e09       0x3d Drivers/STM32F7xx_HAL_Driver/Src/stm32f7xx_hal.o
 .debug_macro   0x00020e46       0x16 Drivers/STM32F7xx_HAL_Driver/Src/stm32f7xx_hal.o
 .debug_macro   0x00020e5c      0x16f Drivers/STM32F7xx_HAL_Driver/Src/stm32f7xx_hal.o
 .debug_macro   0x00020fcb       0x57 Drivers/STM32F7xx_HAL_Driver/Src/stm32f7xx_hal.o
 .debug_macro   0x00021022     0x1b69 Drivers/STM32F7xx_HAL_Driver/Src/stm32f7xx_hal.o
 .debug_macro   0x00022b8b      0x6ca Drivers/STM32F7xx_HAL_Driver/Src/stm32f7xx_hal.o
 .debug_macro   0x00023255      0x11e Drivers/STM32F7xx_HAL_Driver/Src/stm32f7xx_hal.o
 .debug_macro   0x00023373      0x277 Drivers/STM32F7xx_HAL_Driver/Src/stm32f7xx_hal.o
 .debug_macro   0x000235ea       0x27 Drivers/STM32F7xx_HAL_Driver/Src/stm32f7xx_hal.o
 .debug_macro   0x00023611      0x24f Drivers/STM32F7xx_HAL_Driver/Src/stm32f7xx_hal.o
 .debug_macro   0x00023860       0x71 Drivers/STM32F7xx_HAL_Driver/Src/stm32f7xx_hal.o
 .debug_macro   0x000238d1       0x58 Drivers/STM32F7xx_HAL_Driver/Src/stm32f7xx_hal.o
 .debug_macro   0x00023929      0x23a Drivers/STM32F7xx_HAL_Driver/Src/stm32f7xx_hal.o
 .debug_macro   0x00023b63      0x408 Drivers/STM32F7xx_HAL_Driver/Src/stm32f7xx_hal.o
 .debug_macro   0x00023f6b      0x161 Drivers/STM32F7xx_HAL_Driver/Src/stm32f7xx_hal.o
 .debug_macro   0x000240cc      0x100 Drivers/STM32F7xx_HAL_Driver/Src/stm32f7xx_hal.o
 .debug_macro   0x000241cc       0xe5 Drivers/STM32F7xx_HAL_Driver/Src/stm32f7xx_hal.o
 .debug_macro   0x000242b1       0xa1 Drivers/STM32F7xx_HAL_Driver/Src/stm32f7xx_hal.o
 .debug_macro   0x00024352       0x3c Drivers/STM32F7xx_HAL_Driver/Src/stm32f7xx_hal.o
 .debug_macro   0x0002438e      0x156 Drivers/STM32F7xx_HAL_Driver/Src/stm32f7xx_hal.o
 .debug_macro   0x000244e4      0x3de Drivers/STM32F7xx_HAL_Driver/Src/stm32f7xx_hal.o
 .debug_macro   0x000248c2       0x12 Drivers/STM32F7xx_HAL_Driver/Src/stm32f7xx_hal.o
 .debug_macro   0x000248d4      0x209 Drivers/STM32F7xx_HAL_Driver/Src/stm32f7xx_hal.o
 .debug_macro   0x00024add       0x61 Drivers/STM32F7xx_HAL_Driver/Src/stm32f7xx_hal.o
 .debug_macro   0x00024b3e       0x90 Drivers/STM32F7xx_HAL_Driver/Src/stm32f7xx_hal.o
 .debug_macro   0x00024bce      0x132 Drivers/STM32F7xx_HAL_Driver/Src/stm32f7xx_hal.o
 .debug_macro   0x00024d00      0x10c Drivers/STM32F7xx_HAL_Driver/Src/stm32f7xx_hal.o
 .debug_macro   0x00024e0c       0x35 Drivers/STM32F7xx_HAL_Driver/Src/stm32f7xx_hal.o
 .debug_macro   0x00024e41      0x2e2 Drivers/STM32F7xx_HAL_Driver/Src/stm32f7xx_hal.o
 .debug_macro   0x00025123      0x65b Drivers/STM32F7xx_HAL_Driver/Src/stm32f7xx_hal.o
 .debug_macro   0x0002577e      0x2aa Drivers/STM32F7xx_HAL_Driver/Src/stm32f7xx_hal.o
 .debug_macro   0x00025a28      0x169 Drivers/STM32F7xx_HAL_Driver/Src/stm32f7xx_hal.o
 .debug_macro   0x00025b91      0x4e8 Drivers/STM32F7xx_HAL_Driver/Src/stm32f7xx_hal.o
 .debug_macro   0x00026079       0x47 Drivers/STM32F7xx_HAL_Driver/Src/stm32f7xx_hal.o
 .debug_macro   0x000260c0      0x16c Drivers/STM32F7xx_HAL_Driver/Src/stm32f7xx_hal.o
 .debug_macro   0x0002622c      0x37a Drivers/STM32F7xx_HAL_Driver/Src/stm32f7xx_hal_adc.o
 .debug_macro   0x000265a6      0x379 Drivers/STM32F7xx_HAL_Driver/Src/stm32f7xx_hal_cortex.o
 .debug_macro   0x0002691f      0x37a Drivers/STM32F7xx_HAL_Driver/Src/stm32f7xx_hal_dac.o
 .debug_macro   0x00026c99      0x3b1 Drivers/STM32F7xx_HAL_Driver/Src/stm32f7xx_hal_gpio.o
 .debug_macro   0x0002704a      0x391 Drivers/STM32F7xx_HAL_Driver/Src/stm32f7xx_hal_pwr_ex.o
 .debug_macro   0x000273db      0x39d Drivers/STM32F7xx_HAL_Driver/Src/stm32f7xx_hal_rcc.o
 .debug_macro   0x00027778      0x379 Drivers/STM32F7xx_HAL_Driver/Src/stm32f7xx_hal_rcc_ex.o
 .debug_macro   0x00027af1      0x381 Drivers/STM32F7xx_HAL_Driver/Src/stm32f7xx_hal_spi.o
 .debug_macro   0x00027e72      0x37a Drivers/STM32F7xx_HAL_Driver/Src/stm32f7xx_hal_tim.o
 .debug_macro   0x000281ec      0x385 Drivers/STM32F7xx_HAL_Driver/Src/stm32f7xx_hal_tim_ex.o
 .debug_macro   0x00028571      0x381 Drivers/STM32F7xx_HAL_Driver/Src/stm32f7xx_hal_uart.o
 .debug_macro   0x000288f2      0x3b0 Src/main.o
 .debug_macro   0x00028ca2       0xe8 Src/main.o
 .debug_macro   0x00028d8a      0x379 Src/stm32f7xx_hal_msp.o
 .debug_macro   0x00029103      0x383 Src/stm32f7xx_it.o
 .debug_macro   0x00029486      0x37f Src/system_stm32f7xx.o

.debug_line     0x00000000     0xd8b0
 .debug_line    0x00000000      0xa92 Drivers/STM32F7xx_HAL_Driver/Src/stm32f7xx_hal.o
 .debug_line    0x00000a92      0xe2b Drivers/STM32F7xx_HAL_Driver/Src/stm32f7xx_hal_adc.o
 .debug_line    0x000018bd      0xae5 Drivers/STM32F7xx_HAL_Driver/Src/stm32f7xx_hal_cortex.o
 .debug_line    0x000023a2      0xb5d Drivers/STM32F7xx_HAL_Driver/Src/stm32f7xx_hal_dac.o
 .debug_line    0x00002eff      0xa8d Drivers/STM32F7xx_HAL_Driver/Src/stm32f7xx_hal_gpio.o
 .debug_line    0x0000398c      0xa09 Drivers/STM32F7xx_HAL_Driver/Src/stm32f7xx_hal_pwr_ex.o
 .debug_line    0x00004395      0xc53 Drivers/STM32F7xx_HAL_Driver/Src/stm32f7xx_hal_rcc.o
 .debug_line    0x00004fe8      0xaf6 Drivers/STM32F7xx_HAL_Driver/Src/stm32f7xx_hal_rcc_ex.o
 .debug_line    0x00005ade     0x1465 Drivers/STM32F7xx_HAL_Driver/Src/stm32f7xx_hal_spi.o
 .debug_line    0x00006f43     0x1d0a Drivers/STM32F7xx_HAL_Driver/Src/stm32f7xx_hal_tim.o
 .debug_line    0x00008c4d     0x10fe Drivers/STM32F7xx_HAL_Driver/Src/stm32f7xx_hal_tim_ex.o
 .debug_line    0x00009d4b     0x1372 Drivers/STM32F7xx_HAL_Driver/Src/stm32f7xx_hal_uart.o
 .debug_line    0x0000b0bd      0xc0b Src/main.o
 .debug_line    0x0000bcc8      0xa5f Src/stm32f7xx_hal_msp.o
 .debug_line    0x0000c727      0x90c Src/stm32f7xx_it.o
 .debug_line    0x0000d033      0x87d Src/system_stm32f7xx.o

.debug_str      0x00000000    0xfd4b4
 .debug_str     0x00000000    0xf85fa Drivers/STM32F7xx_HAL_Driver/Src/stm32f7xx_hal.o
                              0xf8a2d (size before relaxing)
 .debug_str     0x000f85fa      0x693 Drivers/STM32F7xx_HAL_Driver/Src/stm32f7xx_hal_adc.o
                              0xf84bd (size before relaxing)
 .debug_str     0x000f8c8d      0x466 Drivers/STM32F7xx_HAL_Driver/Src/stm32f7xx_hal_cortex.o
                              0xf89d0 (size before relaxing)
 .debug_str     0x000f90f3      0x347 Drivers/STM32F7xx_HAL_Driver/Src/stm32f7xx_hal_dac.o
                              0xf835a (size before relaxing)
 .debug_str     0x000f943a      0x2b8 Drivers/STM32F7xx_HAL_Driver/Src/stm32f7xx_hal_gpio.o
                              0xf81b2 (size before relaxing)
 .debug_str     0x000f96f2      0x1f3 Drivers/STM32F7xx_HAL_Driver/Src/stm32f7xx_hal_pwr_ex.o
                              0xf826e (size before relaxing)
 .debug_str     0x000f98e5      0x3a3 Drivers/STM32F7xx_HAL_Driver/Src/stm32f7xx_hal_rcc.o
                              0xf832c (size before relaxing)
 .debug_str     0x000f9c88      0x3b9 Drivers/STM32F7xx_HAL_Driver/Src/stm32f7xx_hal_rcc_ex.o
                              0xf82d1 (size before relaxing)
 .debug_str     0x000fa041      0x73b Drivers/STM32F7xx_HAL_Driver/Src/stm32f7xx_hal_spi.o
                              0xf8787 (size before relaxing)
 .debug_str     0x000fa77c      0xe7f Drivers/STM32F7xx_HAL_Driver/Src/stm32f7xx_hal_tim.o
                              0xf8f73 (size before relaxing)
 .debug_str     0x000fb5fb      0x646 Drivers/STM32F7xx_HAL_Driver/Src/stm32f7xx_hal_tim_ex.o
                              0xf8ae2 (size before relaxing)
 .debug_str     0x000fbc41      0x7cb Drivers/STM32F7xx_HAL_Driver/Src/stm32f7xx_hal_uart.o
                              0xf8a20 (size before relaxing)
 .debug_str     0x000fc40c      0xefc Src/main.o
                              0xfa784 (size before relaxing)
 .debug_str     0x000fd308       0x32 Src/stm32f7xx_hal_msp.o
                              0xf9187 (size before relaxing)
 .debug_str     0x000fd33a      0x120 Src/stm32f7xx_it.o
                              0xf7ea6 (size before relaxing)
 .debug_str     0x000fd45a       0x5a Src/system_stm32f7xx.o
                              0xf7fd7 (size before relaxing)

.comment        0x00000000       0x7f
 .comment       0x00000000       0x7f Drivers/STM32F7xx_HAL_Driver/Src/stm32f7xx_hal.o
                                 0x80 (size before relaxing)
 .comment       0x0000007f       0x80 Drivers/STM32F7xx_HAL_Driver/Src/stm32f7xx_hal_adc.o
 .comment       0x0000007f       0x80 Drivers/STM32F7xx_HAL_Driver/Src/stm32f7xx_hal_cortex.o
 .comment       0x0000007f       0x80 Drivers/STM32F7xx_HAL_Driver/Src/stm32f7xx_hal_dac.o
 .comment       0x0000007f       0x80 Drivers/STM32F7xx_HAL_Driver/Src/stm32f7xx_hal_gpio.o
 .comment       0x0000007f       0x80 Drivers/STM32F7xx_HAL_Driver/Src/stm32f7xx_hal_pwr_ex.o
 .comment       0x0000007f       0x80 Drivers/STM32F7xx_HAL_Driver/Src/stm32f7xx_hal_rcc.o
 .comment       0x0000007f       0x80 Drivers/STM32F7xx_HAL_Driver/Src/stm32f7xx_hal_rcc_ex.o
 .comment       0x0000007f       0x80 Drivers/STM32F7xx_HAL_Driver/Src/stm32f7xx_hal_spi.o
 .comment       0x0000007f       0x80 Drivers/STM32F7xx_HAL_Driver/Src/stm32f7xx_hal_tim.o
 .comment       0x0000007f       0x80 Drivers/STM32F7xx_HAL_Driver/Src/stm32f7xx_hal_tim_ex.o
 .comment       0x0000007f       0x80 Drivers/STM32F7xx_HAL_Driver/Src/stm32f7xx_hal_uart.o
 .comment       0x0000007f       0x80 Src/main.o
 .comment       0x0000007f       0x80 Src/stm32f7xx_hal_msp.o
 .comment       0x0000007f       0x80 Src/stm32f7xx_it.o
 .comment       0x0000007f       0x80 Src/system_stm32f7xx.o

.debug_frame    0x00000000     0x2cec
 .debug_frame   0x00000000      0x230 Drivers/STM32F7xx_HAL_Driver/Src/stm32f7xx_hal.o
 .debug_frame   0x00000230      0x2d0 Drivers/STM32F7xx_HAL_Driver/Src/stm32f7xx_hal_adc.o
 .debug_frame   0x00000500      0x184 Drivers/STM32F7xx_HAL_Driver/Src/stm32f7xx_hal_cortex.o
 .debug_frame   0x00000684      0x200 Drivers/STM32F7xx_HAL_Driver/Src/stm32f7xx_hal_dac.o
 .debug_frame   0x00000884       0xd8 Drivers/STM32F7xx_HAL_Driver/Src/stm32f7xx_hal_gpio.o
 .debug_frame   0x0000095c      0x15c Drivers/STM32F7xx_HAL_Driver/Src/stm32f7xx_hal_pwr_ex.o
 .debug_frame   0x00000ab8      0x198 Drivers/STM32F7xx_HAL_Driver/Src/stm32f7xx_hal_rcc.o
 .debug_frame   0x00000c50       0xd4 Drivers/STM32F7xx_HAL_Driver/Src/stm32f7xx_hal_rcc_ex.o
 .debug_frame   0x00000d24      0x6e4 Drivers/STM32F7xx_HAL_Driver/Src/stm32f7xx_hal_spi.o
 .debug_frame   0x00001408      0x9a4 Drivers/STM32F7xx_HAL_Driver/Src/stm32f7xx_hal_tim.o
 .debug_frame   0x00001dac      0x4a4 Drivers/STM32F7xx_HAL_Driver/Src/stm32f7xx_hal_tim_ex.o
 .debug_frame   0x00002250      0x4f0 Drivers/STM32F7xx_HAL_Driver/Src/stm32f7xx_hal_uart.o
 .debug_frame   0x00002740      0x240 Src/main.o
 .debug_frame   0x00002980      0x188 Src/stm32f7xx_hal_msp.o
 .debug_frame   0x00002b08      0x118 Src/stm32f7xx_it.o
 .debug_frame   0x00002c20       0x40 Src/system_stm32f7xx.o
 .debug_frame   0x00002c60       0x2c c:/systemworkbench/plugins/fr.ac6.mcu.externaltools.arm-none.win32_1.17.0.201812190825/tools/compiler/bin/../lib/gcc/arm-none-eabi/7.3.1/thumb/v7e-m/fpv5/hard\libgcc.a(_aeabi_uldivmod.o)
 .debug_frame   0x00002c8c       0x34 c:/systemworkbench/plugins/fr.ac6.mcu.externaltools.arm-none.win32_1.17.0.201812190825/tools/compiler/bin/../lib/gcc/arm-none-eabi/7.3.1/thumb/v7e-m/fpv5/hard\libgcc.a(_udivmoddi4.o)
 .debug_frame   0x00002cc0       0x2c c:/systemworkbench/plugins/fr.ac6.mcu.externaltools.arm-none.win32_1.17.0.201812190825/tools/compiler/bin/../lib/gcc/arm-none-eabi/7.3.1/../../../../arm-none-eabi/lib/thumb/v7e-m/fpv5/hard\libc_nano.a(lib_a-init.o)
